Archive member included because of file (symbol)

userapps.a(app_main.o)        main.o (app_main)
userapps.a(hm_system.o)       userapps.a(app_main.o) (hm_sys_run_info)
userapps.a(RCLutils.o)        userapps.a(hm_system.o) (lib_strtohex)
userapps.a(hm_app_main.o)     userapps.a(app_main.o) (HM_app_main)
userapps.a(hm_uart.o)         userapps.a(hm_app_main.o) (hm_uart_init)
userapps.a(hm_uart_handle.)   userapps.a(hm_app_main.o) (hm_send_start_at_factor_test)
userapps.a(hm_connect_clou)   userapps.a(hm_app_main.o) (hm_start_connect_cloud)
userapps.a(hm_sub_devsend_)   userapps.a(hm_uart_handle.) (hm_sub_devsend_report)
userapps.a(hm_bind_json_pr)   userapps.a(hm_connect_clou) (hm_cloud_json_handle)
userapps.a(hm_dev_model.o)    userapps.a(hm_app_main.o) (hm_dev_mode_init)
userapps.a(hm_parameter.o)    userapps.a(hm_system.o) (spi_flash_synchronous_with_protect)
userapps.a(hm_link.o)         userapps.a(hm_uart_handle.) (hm_connect_wifi)
userapps.a(hm_wifi_frame.o)   userapps.a(hm_connect_clou) (hm_tcp_frame_send)
userapps.a(hm_MD5_sum.o)      userapps.a(hm_bind_json_pr) (hm_make_authkey)
userapps.a(md5sum.o)          userapps.a(hm_MD5_sum.o) (MD5Init)
libmc300.a(etimer.o)          main.o (etimer_set)
libmc300.a(printf.o)          libmc300.a(etimer.o) (printf)
libmc300.a(process.o)         userapps.a(hm_uart.o) (process_post)
libmc300.a(strformat.o)       libmc300.a(printf.o) (format_str_v)
libmc300.a(timer.o)           libmc300.a(etimer.o) (timer_set)
libmc300.a(boot-hiflying.o)   /tmp/ccsDtpxU.o (boot_main)
libmc300.a(clock.o)           libmc300.a(etimer.o) (clock_time)
libmc300.a(contiki-main.o)    libmc300.a(boot-hiflying.o) (main)
libmc300.a(debug-uart.o)      libmc300.a(printf.o) (dbg_send_bytes)
libmc300.a(drv_timer.o)       libmc300.a(clock.o) (hwtmr_start)
libmc300.a(drv_uart.o)        libmc300.a(debug-uart.o) (drv_uart_tx)
libmc300.a(hw_init.o)         libmc300.a(drv_uart.o) (ssv_delay)
libmc300.a(hw_regs_api.o)     libmc300.a(hw_init.o) (hw_reg_write)
libmc300.a(ssv_lib.o)         userapps.a(hm_system.o) (strlen)
libmc300.a(swpwm.o)           libmc300.a(clock.o) (initSwPWM)
libmc300.a(systemconf.o)      libmc300.a(clock.o) (gwifistatus)
libmc300.a(wdog_api.o)        libmc300.a(contiki-main.o) (watchdog_process)
libmc300.a(xmem.o)            libmc300.a(contiki-main.o) (cabrio_flash_init)
libmc300.a(bsp.o)             libmc300.a(hw_init.o) (set_mrx_filter_sta)
libmc300.a(crypthw.o)         libmc300.a(hw_init.o) (g_soc_table)
libmc300.a(dbg-atcmd-api.o)   libmc300.a(hw_init.o) (UpdateConf)
libmc300.a(drv_mac.o)         libmc300.a(dbg-atcmd-api.o) (SET_STA_MAC)
libmc300.a(drv_phy.o)         libmc300.a(hw_init.o) (drv_phy_init)
libmc300.a(drv_pktbuf.o)      libmc300.a(dbg-atcmd-api.o) (setpacketbuf_len)
libmc300.a(drv_pktbuf_slow)   libmc300.a(wdog_api.o) (ssv6xxx_pbuf_dump_reg)
libmc300.a(ieee80211_mgmt.)   libmc300.a(systemconf.o) (reset_AvailableIndex)
libmc300.a(ieee80211_rdc.o)   libmc300.a(dbg-atcmd-api.o) (ieee80211_rdc)
libmc300.a(irq.o)             libmc300.a(drv_uart.o) (irq_mask_disable)
libmc300.a(netstack.o)        libmc300.a(contiki-main.o) (netstack_init)
libmc300.a(powersave.o)       libmc300.a(ieee80211_mgmt.) (is_waketime_alive)
libmc300.a(rate_control.o)    libmc300.a(ieee80211_mgmt.) (init_ratecontrol)
libmc300.a(soft_ap.o)         libmc300.a(hw_init.o) (gwpa_ap)
libmc300.a(ssv6200_rx.o)      libmc300.a(powersave.o) (is_tx_active)
libmc300.a(ssvradio.o)        libmc300.a(ssv6200_rx.o) (ssv6200_radio_retrans)
libmc300.a(wpa.o)             libmc300.a(ieee80211_mgmt.) (init_wpa_ctx)
libmc300.a(aes.o)             libmc300.a(wpa.o) (aes_wrap2)
libmc300.a(hfat.o)            userapps.a(hm_system.o) (hfat_send_cmd)
libmc300.a(at_wifi_cmd.o)     libmc300.a(hfat.o) (hf_wifi_at_cmds_table)
libmc300.a(at_network_cmd.)   libmc300.a(hfat.o) (hf_network_at_cmds_table)
libmc300.a(hfgpio.o)          libmc300.a(hfat.o) (hfgpio_gpio_test_enable)
libmc300.a(hfdebug.o)         libmc300.a(printf.o) (hfdbg_get_level)
libmc300.a(hfuart.o)          userapps.a(hm_uart.o) (hfuart_send)
libmc300.a(hfsys.o)           userapps.a(hm_system.o) (hfmem_malloc)
libmc300.a(hfconfig.o)        libmc300.a(at_wifi_cmd.o) (hf_config_write_default_rf_table)
libmc300.a(hfflash.o)         libmc300.a(hfat.o) (flash_erase_page)
libmc300.a(hfnet.o)           userapps.a(app_main.o) (hfnet_start_socketa)
libmc300.a(uart_thread.o)     libmc300.a(at_wifi_cmd.o) (m2m_uart_recv)
libmc300.a(hfwifi.o)          libmc300.a(at_wifi_cmd.o) (hfwifi_scan_result_raw_format_str)
libmc300.a(hfupdate.o)        libmc300.a(hfat.o) (hfupdate_read_boot_ver)
libmc300.a(httpclient.o)      libmc300.a(hfupdate.o) (http_download_file)
libmc300.a(hfsmtlk.o)         libmc300.a(hfgpio.o) (hfsmtlk_start)
libmc300.a(smartlinkV3.o)     libmc300.a(hfsmtlk.o) (smartlinkv3_reset)
libmc300.a(smartlinkV7.o)     libmc300.a(smartlinkV3.o) (smartlinkv7_is_ongoing)
libmc300.a(airkissv2.o)       libmc300.a(hfsmtlk.o) (airkissv2_init)
[...]
Memory Configuration

Name             Origin             Length             Attributes
flash            0x03000000         0x0009e000         xr
ram              0x02000000         0x00030000         xrw
*default*        0x00000000         0xffffffff

Linker script and memory map

                0x0009e000                _flash_size_ = 0x9e000
                0x00030000                _ram_size_ = 0x30000
                0x0202fffc                __stack_end__ = ((ORIGIN (ram) + 0x30000) - 0x4)
                0x00004000                _boot_size = 0x4000
                0x03000000                . = ORIGIN (flash)
                0x03000000                _sitxt0 = .

startup         0x03000000      0x190
 *(.startup1)
 .startup1      0x03000000       0x50 /tmp/ccsDtpxU.o
 *(.startup2)
 .startup2      0x03000050      0x140 /tmp/ccsDtpxU.o
                0x03000164                endless_loop
                0x03000190                . = ALIGN (0x10)
                0x02029000                _vma_boot_text_beg = ((ORIGIN (ram) + 0x30000) - 0x7000)
                0x03000190                _sitxt0a = (_sitxt0 + SIZEOF (startup))
                0x03004000                . = (ORIGIN (flash) + _boot_size)
                0x03004000                _sitxt2 = .

prog_in_flash   0x03004000    0x4a5c0
 *(.vars_second_boot)
 .vars_second_boot
                0x03004000       0x48 /tmp/ccsDtpxU.o
 libmc300.a:contiki-main.o(.text.startup.main)
 .text.startup.main
                0x03004048      0x10c libmc300.a(contiki-main.o)
                0x03004048                main
 *(EXCLUDE_FILE(libmc300.a:ssv_lib.o libmc300.a:sha256.o libmc300.a:sha384.o libmc300.a:sha512.o libmc300.a:x905.o libmc300.a:asn1.o libmc300.a:pstmsqrcomba.o libmc300.a:pstmmulcomba.o libmc300.a:pstmmonreduce.o libmc300.a:pstm.o libmc300.a:aes.o libmc300.a:sha1ssl.o libmc300.a:psock.o libmc300.a:socket_driver.o libmc300.a:powersave.o libmc300.a:hw_regs_api.o libmc300.a:flash_api.o libmc300.a:drv_flash.o libmc300.a:xmem.o libmc300.a:soft_ap.o libmc300.a:debug-uart.o libmc300.a:dbg-puts.o libmc300.a:strformat.o libmc300.a:dbg-printf.o libmc300.a:rate_control.o libmc300.a:throughput.o libmc300.a:ssv6200_tx.o libmc300.a:ssv6200_rx.o libmc300.a:ssvradio.o libmc300.a:drv_pktbuf.o libmc300.a:packetbuf.o libmc300.a:ieee80211_rdc.o libmc300.a:ieee80211_net.o libmc300.a:tcpip.o libmc300.a:etimer.o libmc300.a:clock.o libmc300.a:timer.o libmc300.a:uip-split.o libmc300.a:uip.o libmc300.a:boot-hiflying.o /usr/bin/../lib/gcc/arm-none-eabi/4.8.4/libgcc.a:_udivsi3.o /usr/bin/../lib/gcc/arm-none-eabi/4.8.4/libgcc.a:_divsi3.o /usr/bin/../lib/gcc/arm-none-eabi/4.8.4/libgcc.a:_dvmd_tls.o /usr/bin/../lib/gcc/arm-none-eabi/4.8.4/libgcc.a:_udivdi3.o /usr/bin/../lib/gcc/arm-none-eabi/4.8.4/libgcc.a:bpabi.o /usr/bin/../lib/gcc/arm-none-eabi/4.8.4/libgcc.a:_divdi3.o /usr/bin/../lib/gcc/arm-none-eabi/4.8.4/libgcc.a:_aeabi_uldivmod.o) .text*)
 .text          0x03004154        0x0 /tmp/ccsDtpxU.o
 .text          0x03004154       0x54 /tmp/ccrvIGXc.o
                0x03004158                relocate
 .text          0x030041a8        0x0 main.o
 .text.process_thread_main_process
                0x030041a8       0x88 main.o
 .text          0x03004230        0x0 userapps.a(app_main.o)
 .text.sys_event_callback
                0x03004230       0x98 userapps.a(app_main.o)
                0x03004230                sys_event_callback
 .text.get_user_default_rf_table
                0x030042c8        0x8 userapps.a(app_main.o)
                0x030042c8                get_user_default_rf_table
 .text.app_main
                0x030042d0       0xf8 userapps.a(app_main.o)
                0x030042d0                app_main
 .text          0x030043c8        0x0 userapps.a(hm_system.o)
 .text.get_parameter_string
                0x030043c8       0x58 userapps.a(hm_system.o)
 .text.get_parameter_integer
                0x03004420       0x20 userapps.a(hm_system.o)
 .text.get_feedback_parameter_string
                0x03004440       0x58 userapps.a(hm_system.o)
 .text.hm_get_wifi_work_mode
                0x03004498       0x90 userapps.a(hm_system.o)
                0x03004498                hm_get_wifi_work_mode
 .text.hm_set_wifi_work_mode
                0x03004528       0x84 userapps.a(hm_system.o)
                0x03004528                hm_set_wifi_work_mode
 .text.station_get_ip_string
                0x030045ac       0x9c userapps.a(hm_system.o)
                0x030045ac                station_get_ip_string
 .text.get_full_bin_version
                0x03004648       0x48 userapps.a(hm_system.o)
                0x03004648                get_full_bin_version
 .text.str_to_hex
                0x03004690       0x54 userapps.a(hm_system.o)
                0x03004690                str_to_hex
 .text.hm_wifi_get_macaddr
                0x030046e4       0xb0 userapps.a(hm_system.o)
                0x030046e4                hm_wifi_get_macaddr
 .text.get_tid  0x03004794       0x60 userapps.a(hm_system.o)
                0x03004794                get_tid
 .text.get_mac_string
                0x030047f4       0x60 userapps.a(hm_system.o)
                0x030047f4                get_mac_string
 .text.hm_wifi_station_get_rssi
                0x03004854       0x98 userapps.a(hm_system.o)
                0x03004854                hm_wifi_station_get_rssi
 .text.parse_version
                0x030048ec       0xdc userapps.a(hm_system.o)
                0x030048ec                parse_version
 .text.hex_to_str
                0x030049c8       0x44 userapps.a(hm_system.o)
                0x030049c8                hex_to_str
 .text.hex_to_str_nomalloc
                0x03004a0c       0x1c userapps.a(hm_system.o)
                0x03004a0c                hex_to_str_nomalloc
 .text.str_to_str
                0x03004a28       0x40 userapps.a(hm_system.o)
                0x03004a28                str_to_str
 .text.product_info_get_mid
                0x03004a68       0x10 userapps.a(hm_system.o)
                0x03004a68                product_info_get_mid
 .text.product_info_set_mid
                0x03004a78       0x6c userapps.a(hm_system.o)
                0x03004a78                product_info_set_mid
 .text.product_info_get_pin_code
                0x03004ae4       0x10 userapps.a(hm_system.o)
                0x03004ae4                product_info_get_pin_code
 .text.product_info_set_pin_code
                0x03004af4      0x104 userapps.a(hm_system.o)
                0x03004af4                product_info_set_pin_code
 .text.product_info_clear_pincode
                0x03004bf8       0x60 userapps.a(hm_system.o)
                0x03004bf8                product_info_clear_pincode
 .text.product_info_get_service_hostname
                0x03004c58       0x10 userapps.a(hm_system.o)
                0x03004c58                product_info_get_service_hostname
 .text.product_info_set_service_hostname
                0x03004c68      0x104 userapps.a(hm_system.o)
                0x03004c68                product_info_set_service_hostname
 .text.product_info_get_mcu_version
                0x03004d6c       0x10 userapps.a(hm_system.o)
                0x03004d6c                product_info_get_mcu_version
 .text.product_info_set_mcu_version
                0x03004d7c      0x104 userapps.a(hm_system.o)
                0x03004d7c                product_info_set_mcu_version
 .text.product_info_get_config_ssid
                0x03004e80       0x10 userapps.a(hm_system.o)
                0x03004e80                product_info_get_config_ssid
 .text.product_info_set_config_ssid
                0x03004e90      0x104 userapps.a(hm_system.o)
                0x03004e90                product_info_set_config_ssid
 .text.product_info_get_config_password
                0x03004f94       0x10 userapps.a(hm_system.o)
                0x03004f94                product_info_get_config_password
 .text.product_info_set_config_password
                0x03004fa4      0x104 userapps.a(hm_system.o)
                0x03004fa4                product_info_set_config_password
 .text.product_info_get_service_port
                0x030050a8       0x10 userapps.a(hm_system.o)
                0x030050a8                product_info_get_service_port
 .text.product_info_set_service_port
                0x030050b8       0x5c userapps.a(hm_system.o)
                0x030050b8                product_info_set_service_port
 .text.product_info_get_work_mode
                0x03005114       0x10 userapps.a(hm_system.o)
                0x03005114                product_info_get_work_mode
 .text.product_info_set_work_mode
                0x03005124       0x14 userapps.a(hm_system.o)
                0x03005124                product_info_set_work_mode
 .text.product_info_get_token_type
                0x03005138       0x10 userapps.a(hm_system.o)
                0x03005138                product_info_get_token_type
 .text.product_info_set_token_type
                0x03005148       0x14 userapps.a(hm_system.o)
                0x03005148                product_info_set_token_type
 .text.product_info_get_encrypt_type
                0x0300515c       0x10 userapps.a(hm_system.o)
                0x0300515c                product_info_get_encrypt_type
 .text.product_info_set_encrypt_type
                0x0300516c       0x70 userapps.a(hm_system.o)
                0x0300516c                product_info_set_encrypt_type
 .text.station_get_current_ssid
                0x030051dc       0xb0 userapps.a(hm_system.o)
                0x030051dc                station_get_current_ssid
 .text.wifi_station_config_is_exist
                0x0300528c        0x8 userapps.a(hm_system.o)
                0x0300528c                wifi_station_config_is_exist
 .text.product_info_get_prodkey
                0x03005294       0x10 userapps.a(hm_system.o)
                0x03005294                product_info_get_prodkey
 .text.product_info_get_devtid
                0x030052a4       0x10 userapps.a(hm_system.o)
                0x030052a4                product_info_get_devtid
 .text.product_info_get_devprikey
                0x030052b4       0x10 userapps.a(hm_system.o)
                0x030052b4                product_info_get_devprikey
 .text.product_info_get_token
                0x030052c4       0x10 userapps.a(hm_system.o)
                0x030052c4                product_info_get_token
 .text.product_info_set_token
                0x030052d4      0x100 userapps.a(hm_system.o)
                0x030052d4                product_info_set_token
 .text.product_info_clear_token
                0x030053d4       0x58 userapps.a(hm_system.o)
                0x030053d4                product_info_clear_token
 .text.product_info_set_prodkey
                0x0300542c      0x114 userapps.a(hm_system.o)
                0x0300542c                product_info_set_prodkey
 .text.product_info_set_devtid
                0x03005540      0x114 userapps.a(hm_system.o)
                0x03005540                product_info_set_devtid
 .text.product_info_set_devprikey
                0x03005654      0x114 userapps.a(hm_system.o)
                0x03005654                product_info_set_devprikey
 .text.product_info_get_authkey
                0x03005768       0x10 userapps.a(hm_system.o)
                0x03005768                product_info_get_authkey
 .text.product_info_set_authkey
                0x03005778       0xbc userapps.a(hm_system.o)
                0x03005778                product_info_set_authkey
 .text.product_info_clear_authkey
                0x03005834       0x58 userapps.a(hm_system.o)
                0x03005834                product_info_clear_authkey
 .text.product_info_get_ctrlkey
                0x0300588c       0x10 userapps.a(hm_system.o)
                0x0300588c                product_info_get_ctrlkey
 .text.product_info_set_ctrlkey
                0x0300589c      0x100 userapps.a(hm_system.o)
                0x0300589c                product_info_set_ctrlkey
 .text.product_info_get_bindkey
                0x0300599c       0x10 userapps.a(hm_system.o)
                0x0300599c                product_info_get_bindkey
 .text.product_info_set_bindkey
                0x030059ac      0x100 userapps.a(hm_system.o)
                0x030059ac                product_info_set_bindkey
 .text.product_info_get_config_type
                0x03005aac       0x10 userapps.a(hm_system.o)
                0x03005aac                product_info_get_config_type
 .text.product_info_set_config_type
                0x03005abc       0xac userapps.a(hm_system.o)
                0x03005abc                product_info_set_config_type
 .text.product_info_get_airkiss_wechatID
                0x03005b68       0x10 userapps.a(hm_system.o)
                0x03005b68                product_info_get_airkiss_wechatID
 .text.product_info_get_airkiss_wechatProductId
                0x03005b78       0x10 userapps.a(hm_system.o)
                0x03005b78                product_info_get_airkiss_wechatProductId
 .text.product_info_get_factory_test
                0x03005b88       0x10 userapps.a(hm_system.o)
                0x03005b88                product_info_get_factory_test
 .text.product_info_set_factory_test
                0x03005b98       0x98 userapps.a(hm_system.o)
                0x03005b98                product_info_set_factory_test
 .text.hm_product_info_load
                0x03005c30      0x1cc userapps.a(hm_system.o)
                0x03005c30                hm_product_info_load
 .text.hm_restory_factory_data
                0x03005dfc       0x7c userapps.a(hm_system.o)
                0x03005dfc                hm_restory_factory_data
 .text.hm_restory_app_data
                0x03005e78       0x20 userapps.a(hm_system.o)
                0x03005e78                hm_restory_app_data
 .text.hm_restory_all_data
                0x03005e98       0x18 userapps.a(hm_system.o)
                0x03005e98                hm_restory_all_data
 .text.device_detail_print
                0x03005eb0      0x108 userapps.a(hm_system.o)
                0x03005eb0                device_detail_print
 .text.hm_get_wifi_mode
                0x03005fb8       0x1c userapps.a(hm_system.o)
                0x03005fb8                hm_get_wifi_mode
 .text.hm_get_wifi_status
                0x03005fd4       0x1c userapps.a(hm_system.o)
                0x03005fd4                hm_get_wifi_status
 .text.hm_get_cloud_connect_status
                0x03005ff0       0x1c userapps.a(hm_system.o)
                0x03005ff0                hm_get_cloud_connect_status
 .text.hm_get_signal_qual
                0x0300600c        0x8 userapps.a(hm_system.o)
                0x0300600c                hm_get_signal_qual
 .text.hm_get_device_test_status
                0x03006014        0x8 userapps.a(hm_system.o)
                0x03006014                hm_get_device_test_status
 .text.hm_sys_run_info_init
                0x0300601c       0x68 userapps.a(hm_system.o)
                0x0300601c                hm_sys_run_info_init
 .text          0x03006084        0x0 userapps.a(RCLutils.o)
 .text.lib_ctohex.isra.0
                0x03006084       0x48 userapps.a(RCLutils.o)
 .text.lib_strnlen
                0x030060cc       0x24 userapps.a(RCLutils.o)
                0x030060cc                lib_strnlen
 .text.bitmap_set
                0x030060f0       0x28 userapps.a(RCLutils.o)
                0x030060f0                bitmap_set
 .text.bitmap_forech
                0x03006118       0x70 userapps.a(RCLutils.o)
                0x03006118                bitmap_forech
 .text.is_space
                0x03006188       0x28 userapps.a(RCLutils.o)
                0x03006188                is_space
 .text.is_number
                0x030061b0       0x14 userapps.a(RCLutils.o)
                0x030061b0                is_number
 .text.str_is_number
                0x030061c4       0x38 userapps.a(RCLutils.o)
                0x030061c4                str_is_number
 .text.is_symbol
                0x030061fc       0x44 userapps.a(RCLutils.o)
                0x030061fc                is_symbol
 .text.lib_atoi
                0x03006240       0x78 userapps.a(RCLutils.o)
                0x03006240                lib_atoi
 .text.lib_strtohex
                0x030062b8       0x68 userapps.a(RCLutils.o)
                0x030062b8                lib_strtohex
 .text.lib_hextostr
                0x03006320       0x58 userapps.a(RCLutils.o)
                0x03006320                lib_hextostr
 .text.lib_strtostr
                0x03006378       0x48 userapps.a(RCLutils.o)
                0x03006378                lib_strtostr
 .text.get_http_head_value
                0x030063c0      0x17c userapps.a(RCLutils.o)
                0x030063c0                get_http_head_value
 .text.str_clone
                0x0300653c       0x38 userapps.a(RCLutils.o)
                0x0300653c                str_clone
 .text.kalman_filter
                0x03006574       0xa8 userapps.a(RCLutils.o)
                0x03006574                kalman_filter
 .text.get_ip_from_str
                0x0300661c      0x110 userapps.a(RCLutils.o)
                0x0300661c                get_ip_from_str
 .text.get_str_from_str
                0x0300672c      0x114 userapps.a(RCLutils.o)
                0x0300672c                get_str_from_str
 .text.dynamic_param_destory
                0x03006840       0x44 userapps.a(RCLutils.o)
                0x03006840                dynamic_param_destory
 .text.dynamic_param_type_convert
                0x03006884        0xc userapps.a(RCLutils.o)
                0x03006884                dynamic_param_type_convert
 .text.dynamic_param_new
                0x03006890      0x108 userapps.a(RCLutils.o)
                0x03006890                dynamic_param_new
 .text.dynstring_append_len
                0x03006998       0x70 userapps.a(RCLutils.o)
                0x03006998                dynstring_append_len
 .text.dynstring_append
                0x03006a08       0x7c userapps.a(RCLutils.o)
                0x03006a08                dynstring_append
 .text.dynstring_init
                0x03006a84       0x1c userapps.a(RCLutils.o)
                0x03006a84                dynstring_init
 .text.lib_memchr
                0x03006aa0       0x38 userapps.a(RCLutils.o)
                0x03006aa0                lib_memchr
 .text          0x03006ad8        0x0 userapps.a(hm_app_main.o)
 .text.process_thread_hm_app_main_process
                0x03006ad8      0x2f0 userapps.a(hm_app_main.o)
 .text.HM_app_main
                0x03006dc8       0x38 userapps.a(hm_app_main.o)
                0x03006dc8                HM_app_main
 .text          0x03006e00        0x0 userapps.a(hm_uart.o)
 .text.hm_uart_timeout_callback
                0x03006e00      0x154 userapps.a(hm_uart.o)
                0x03006e00                hm_uart_timeout_callback
 .text.hm_uart_send_frame_to_device
                0x03006f54       0x64 userapps.a(hm_uart.o)
                0x03006f54                hm_uart_send_frame_to_device
 .text.hm_uart_timer_init
                0x03006fb8       0x60 userapps.a(hm_uart.o)
                0x03006fb8                hm_uart_timer_init
 .text.hm_uart_init
                0x03007018       0xcc userapps.a(hm_uart.o)
                0x03007018                hm_uart_init
 .text.hm_uart_timer_start
                0x030070e4       0x10 userapps.a(hm_uart.o)
                0x030070e4                hm_uart_timer_start
 .text.hm_uart_timer_stop
                0x030070f4       0x10 userapps.a(hm_uart.o)
                0x030070f4                hm_uart_timer_stop
 .text.hm_uartRecv_callback
                0x03007104       0x88 userapps.a(hm_uart.o)
                0x03007104                hm_uartRecv_callback
 .text.hm_48_frame_sum_Calculate
                0x0300718c       0x30 userapps.a(hm_uart.o)
                0x0300718c                hm_48_frame_sum_Calculate
 .text          0x030071bc        0x0 userapps.a(hm_uart_handle.)
 .text.shm_atcmd_star
                0x030071bc       0x20 userapps.a(hm_uart_handle.)
                0x030071bc                shm_atcmd_star
 .text.shm_48_send_frame
                0x030071dc       0x58 userapps.a(hm_uart_handle.)
 .text.shm_atcmd_set_prodkey
                0x03007234       0x7c userapps.a(hm_uart_handle.)
                0x03007234                shm_atcmd_set_prodkey
 .text.shm_atcmd_set_devtid
                0x030072b0       0x7c userapps.a(hm_uart_handle.)
                0x030072b0                shm_atcmd_set_devtid
 .text.shm_atcmd_set_devprikey
                0x0300732c       0x90 userapps.a(hm_uart_handle.)
                0x0300732c                shm_atcmd_set_devprikey
 .text.shm_atcmd_wifi_test
                0x030073bc       0xfc userapps.a(hm_uart_handle.)
                0x030073bc                shm_atcmd_wifi_test
 .text.shm_atcmd_clear_all_data
                0x030074b8       0x7c userapps.a(hm_uart_handle.)
                0x030074b8                shm_atcmd_clear_all_data
 .text.hm_send_start_at_factor_test
                0x03007534       0x30 userapps.a(hm_uart_handle.)
                0x03007534                hm_send_start_at_factor_test
 .text.hm_48_repond_data_error_frame
                0x03007564       0x40 userapps.a(hm_uart_handle.)
                0x03007564                hm_48_repond_data_error_frame
 .text.process_thread_hm_uart_handle_process
                0x030075a4      0x4b4 userapps.a(hm_uart_handle.)
 .text.hm_48_add_subdev_frame_send
                0x03007a58       0x74 userapps.a(hm_uart_handle.)
                0x03007a58                hm_48_add_subdev_frame_send
 .text.hm_48_delete_subdev_frame_send
                0x03007acc       0x74 userapps.a(hm_uart_handle.)
                0x03007acc                hm_48_delete_subdev_frame_send
 .text.hm_48_app_to_subdev_frame_send
                0x03007b40       0x98 userapps.a(hm_uart_handle.)
                0x03007b40                hm_48_app_to_subdev_frame_send
 .text          0x03007bd8        0x0 userapps.a(hm_connect_clou)
 .text.hm_tcp_send_callback
                0x03007bd8       0x1c userapps.a(hm_connect_clou)
 .text.hm_tcp_connect_callback
                0x03007bf4       0x70 userapps.a(hm_connect_clou)
 .text.hm_tcp_recv_callback
                0x03007c64       0xb4 userapps.a(hm_connect_clou)
 .text.hm_tcp_close_callback
                0x03007d18       0x74 userapps.a(hm_connect_clou)
 .text.hm_set_socket
                0x03007d8c       0x10 userapps.a(hm_connect_clou)
                0x03007d8c                hm_set_socket
 .text.hm_get_socket
                0x03007d9c       0x10 userapps.a(hm_connect_clou)
                0x03007d9c                hm_get_socket
 .text.hm_tcp_send_data
                0x03007dac       0xf0 userapps.a(hm_connect_clou)
                0x03007dac                hm_tcp_send_data
 .text.cloud_creat_msgid
                0x03007e9c       0x18 userapps.a(hm_connect_clou)
                0x03007e9c                cloud_creat_msgid
 .text.gatewaylogin_report
                0x03007eb4      0x14c userapps.a(hm_connect_clou)
                0x03007eb4                gatewaylogin_report
 .text.reportdevinfo_report
                0x03008000      0x2ec userapps.a(hm_connect_clou)
                0x03008000                reportdevinfo_report
 .text.heartbeat_report
                0x030082ec       0xc4 userapps.a(hm_connect_clou)
                0x030082ec                heartbeat_report
 .text.hm_clear_heartbeat_miss_times
                0x030083b0       0x14 userapps.a(hm_connect_clou)
                0x030083b0                hm_clear_heartbeat_miss_times
 .text.hm_add_heartbeat_miss_times
                0x030083c4       0x18 userapps.a(hm_connect_clou)
                0x030083c4                hm_add_heartbeat_miss_times
 .text.hm_cloud_connect_heartbeat_callback
                0x030083dc       0x6c userapps.a(hm_connect_clou)
                0x030083dc                hm_cloud_connect_heartbeat_callback
 .text.hm_get_heartbeat_miss_times
                0x03008448       0x10 userapps.a(hm_connect_clou)
                0x03008448                hm_get_heartbeat_miss_times
 .text.hm_cloud_heartbeat_timer_init
                0x03008458       0x68 userapps.a(hm_connect_clou)
                0x03008458                hm_cloud_heartbeat_timer_init
 .text.hm_cloud_heartbeat_timer_start
                0x030084c0       0x10 userapps.a(hm_connect_clou)
                0x030084c0                hm_cloud_heartbeat_timer_start
 .text.hm_cloud_heartbeat_timer_stop
                0x030084d0       0x10 userapps.a(hm_connect_clou)
                0x030084d0                hm_cloud_heartbeat_timer_stop
 .text.process_thread_hm_connect_cloud_process
                0x030084e0      0x908 userapps.a(hm_connect_clou)
 .text.hm_start_connect_cloud
                0x03008de8       0x7c userapps.a(hm_connect_clou)
                0x03008de8                hm_start_connect_cloud
 .text          0x03008e64        0x0 userapps.a(hm_sub_devsend_)
 .text.hm_sub_devsend_report
                0x03008e64      0x2c4 userapps.a(hm_sub_devsend_)
                0x03008e64                hm_sub_devsend_report
 .text.hm_add_sub_dev_report
                0x03009128      0x27c userapps.a(hm_sub_devsend_)
                0x03009128                hm_add_sub_dev_report
 .text.hm_sub_dev_status_report
                0x030093a4      0x27c userapps.a(hm_sub_devsend_)
                0x030093a4                hm_sub_dev_status_report
 .text          0x03009620        0x0 userapps.a(hm_bind_json_pr)
 .text.bind_dev_sync
                0x03009620       0xc4 userapps.a(hm_bind_json_pr)
 .text.bind_gateway_login_resp
                0x030096e4       0xf8 userapps.a(hm_bind_json_pr)
 .text.bind_request_verify_resp
                0x030097dc      0x140 userapps.a(hm_bind_json_pr)
 .text.bind_get_prodinfo_resp
                0x0300991c      0x208 userapps.a(hm_bind_json_pr)
 .text.bind_report_subdevinfo_resp
                0x03009b24       0x80 userapps.a(hm_bind_json_pr)
 .text.bind_add_subdev_resp
                0x03009ba4       0x80 userapps.a(hm_bind_json_pr)
 .text.bind_heartbeat_resp
                0x03009c24       0x4c userapps.a(hm_bind_json_pr)
 .text.bind_dev_send_resp
                0x03009c70       0x3c userapps.a(hm_bind_json_pr)
 .text.bind_gateway_bind_resp
                0x03009cac       0xc8 userapps.a(hm_bind_json_pr)
 .text.bind_report_devinfo_resp
                0x03009d74       0xb0 userapps.a(hm_bind_json_pr)
 .text.get_code_desc
                0x03009e24       0x84 userapps.a(hm_bind_json_pr)
                0x03009e24                get_code_desc
 .text.action_resp_handle
                0x03009ea8      0x1a0 userapps.a(hm_bind_json_pr)
                0x03009ea8                action_resp_handle
 .text.bind_app_dev_debug
                0x0300a048      0x10c userapps.a(hm_bind_json_pr)
 .text.bind_dev_delete
                0x0300a154      0x1d0 userapps.a(hm_bind_json_pr)
 .text.bind_appsend
                0x0300a324      0x348 userapps.a(hm_bind_json_pr)
 .text.bind_json_protocol_handle
                0x0300a66c       0xe8 userapps.a(hm_bind_json_pr)
                0x0300a66c                bind_json_protocol_handle
 .text.hm_cloud_json_handle
                0x0300a754        0x4 userapps.a(hm_bind_json_pr)
                0x0300a754                hm_cloud_json_handle
 .text          0x0300a758        0x0 userapps.a(hm_dev_model.o)
 .text.hm_dev_mode_init
                0x0300a758       0x54 userapps.a(hm_dev_model.o)
                0x0300a758                hm_dev_mode_init
 .text.hm_get_dev_type
                0x0300a7ac       0x10 userapps.a(hm_dev_model.o)
                0x0300a7ac                hm_get_dev_type
 .text.hm_check_cmd_id
                0x0300a7bc       0x44 userapps.a(hm_dev_model.o)
                0x0300a7bc                hm_check_cmd_id
 .text.hm_get_attr_name
                0x0300a800       0x4c userapps.a(hm_dev_model.o)
                0x0300a800                hm_get_attr_name
 .text.hm_get_attr_datatype
                0x0300a84c       0x4c userapps.a(hm_dev_model.o)
                0x0300a84c                hm_get_attr_datatype
 .text          0x0300a898        0x0 userapps.a(hm_parameter.o)
 .text.key_search
                0x0300a898       0x7c userapps.a(hm_parameter.o)
 .text.key_value_destory
                0x0300a914       0x60 userapps.a(hm_parameter.o)
 .text.setup_key_value
                0x0300a974       0xec userapps.a(hm_parameter.o)
 .text.is_forbidden
                0x0300aa60       0x9c userapps.a(hm_parameter.o)
 .text.hm_flash_erase_sector
                0x0300aafc       0x18 userapps.a(hm_parameter.o)
                0x0300aafc                hm_flash_erase_sector
 .text.hm_flash_read
                0x0300ab14       0x10 userapps.a(hm_parameter.o)
                0x0300ab14                hm_flash_read
 .text.get_key_value
                0x0300ab24      0x1d4 userapps.a(hm_parameter.o)
 .text.hm_flash_write
                0x0300acf8       0x10 userapps.a(hm_parameter.o)
                0x0300acf8                hm_flash_write
 .text.hm_flash_write_with_protect.constprop.4
                0x0300ad08       0x9c userapps.a(hm_parameter.o)
 .text.delete_parameter.constprop.3
                0x0300ada4      0x1b0 userapps.a(hm_parameter.o)
 .text.spi_flash_synchronous_with_protect
                0x0300af54      0x21c userapps.a(hm_parameter.o)
                0x0300af54                spi_flash_synchronous_with_protect
 .text.set_parameter
                0x0300b170      0x410 userapps.a(hm_parameter.o)
                0x0300b170                set_parameter
 .text.ra_set_parameter_integer
                0x0300b580       0x3c userapps.a(hm_parameter.o)
                0x0300b580                ra_set_parameter_integer
 .text.ra_set_parameter_integer_without_limit
                0x0300b5bc       0x24 userapps.a(hm_parameter.o)
                0x0300b5bc                ra_set_parameter_integer_without_limit
 .text.ra_get_parameter_integer
                0x0300b5e0       0x40 userapps.a(hm_parameter.o)
                0x0300b5e0                ra_get_parameter_integer
 .text.ra_set_parameter_string
                0x0300b620       0x38 userapps.a(hm_parameter.o)
                0x0300b620                ra_set_parameter_string
 .text.ra_set_feedback_parameter_string
                0x0300b658        0xc userapps.a(hm_parameter.o)
                0x0300b658                ra_set_feedback_parameter_string
 .text.ra_set_parameter_string_without_limit
                0x0300b664        0xc userapps.a(hm_parameter.o)
                0x0300b664                ra_set_parameter_string_without_limit
 .text.ra_get_parameter_string
                0x0300b670       0x6c userapps.a(hm_parameter.o)
                0x0300b670                ra_get_parameter_string
 .text.ra_get_feedback_parameter_string
                0x0300b6dc       0x6c userapps.a(hm_parameter.o)
                0x0300b6dc                ra_get_feedback_parameter_string
 .text.ra_delete_parameter
                0x0300b748       0x24 userapps.a(hm_parameter.o)
                0x0300b748                ra_delete_parameter
 .text.ra_delete_parameter_without_limit
                0x0300b76c        0x4 userapps.a(hm_parameter.o)
                0x0300b76c                ra_delete_parameter_without_limit
 .text          0x0300b770        0x0 userapps.a(hm_link.o)
 .text.find_sock_index
                0x0300b770       0x48 userapps.a(hm_link.o)
 .text.process_thread_hm_AP_mode_process
                0x0300b7b8      0x138 userapps.a(hm_link.o)
 .text.shm_ap_tcp_recv_callback
                0x0300b8f0      0x1d8 userapps.a(hm_link.o)
 .text.shm_ap_tcp_close_callback
                0x0300bac8       0x84 userapps.a(hm_link.o)
 .text.shm_ap_tcp_send_callback
                0x0300bb4c       0x80 userapps.a(hm_link.o)
 .text.shm_ap_accept_callback
                0x0300bbcc       0x84 userapps.a(hm_link.o)
 .text.hm_connect_wifi
                0x0300bc50      0x148 userapps.a(hm_link.o)
                0x0300bc50                hm_connect_wifi
 .text.process_thread_hm_start_link_process
                0x0300bd98      0x364 userapps.a(hm_link.o)
 .text.hm_set_ap_mode
                0x0300c0fc       0xe8 userapps.a(hm_link.o)
                0x0300c0fc                hm_set_ap_mode
 .text.check_link_state
                0x0300c1e4       0x84 userapps.a(hm_link.o)
                0x0300c1e4                check_link_state
 .text.ghm_start_link
                0x0300c268       0x2c userapps.a(hm_link.o)
                0x0300c268                ghm_start_link
 .text          0x0300c294        0x0 userapps.a(hm_wifi_frame.o)
 .text.hm_tcp_frame_send
                0x0300c294       0x64 userapps.a(hm_wifi_frame.o)
                0x0300c294                hm_tcp_frame_send
 .text.hm_free_one_tcp_frame
                0x0300c2f8       0x84 userapps.a(hm_wifi_frame.o)
                0x0300c2f8                hm_free_one_tcp_frame
 .text.hm_free_all_tcp_frame
                0x0300c37c       0x64 userapps.a(hm_wifi_frame.o)
                0x0300c37c                hm_free_all_tcp_frame
 .text          0x0300c3e0        0x0 userapps.a(hm_MD5_sum.o)
 .text.raw2hexlit
                0x0300c3e0       0x50 userapps.a(hm_MD5_sum.o)
                0x0300c3e0                raw2hexlit
 .text.hm_make_authkey
                0x0300c430       0xe8 userapps.a(hm_MD5_sum.o)
                0x0300c430                hm_make_authkey
 .text          0x0300c518        0x0 userapps.a(md5sum.o)
 .text.MD5Init  0x0300c518       0x40 userapps.a(md5sum.o)
                0x0300c518                MD5Init
 .text.MD5Encode
                0x0300c558       0x48 userapps.a(md5sum.o)
                0x0300c558                MD5Encode
 .text.MD5Decode
                0x0300c5a0       0x44 userapps.a(md5sum.o)
                0x0300c5a0                MD5Decode
 .text.MD5Transform
                0x0300c5e4      0x9ec userapps.a(md5sum.o)
                0x0300c5e4                MD5Transform
 .text.MD5Update
                0x0300cfd0       0xb4 userapps.a(md5sum.o)
                0x0300cfd0                MD5Update
 .text.MD5Final
                0x0300d084       0x70 userapps.a(md5sum.o)
                0x0300d084                MD5Final
 .text          0x0300d0f4        0x0 libmc300.a(printf.o)
 .text.write_str
                0x0300d0f4       0x1c libmc300.a(printf.o)
 .text.printf_uart1
                0x0300d110       0x30 libmc300.a(printf.o)
                0x0300d110                printf_uart1
 .text.set_log_all_group_enable
                0x0300d140       0x24 libmc300.a(printf.o)
                0x0300d140                set_log_all_group_enable
 .text.set_log_all_group_disable
                0x0300d164       0x24 libmc300.a(printf.o)
                0x0300d164                set_log_all_group_disable
 .text.set_log_all_group
                0x0300d188       0x2c libmc300.a(printf.o)
                0x0300d188                set_log_all_group
 .text.set_log_all_level
                0x0300d1b4       0x8c libmc300.a(printf.o)
                0x0300d1b4                set_log_all_level
 .text.set_log_single_group_level
                0x0300d240       0x40 libmc300.a(printf.o)
                0x0300d240                set_log_single_group_level
 .text.dump_log_control_info
                0x0300d280       0x78 libmc300.a(printf.o)
                0x0300d280                dump_log_control_info
 .text          0x0300d2f8        0x0 libmc300.a(process.o)
 .text.process_alloc_event
                0x0300d2f8       0x18 libmc300.a(process.o)
                0x0300d2f8                process_alloc_event
 .text.check_process_in_que
                0x0300d310       0x74 libmc300.a(process.o)
                0x0300d310                check_process_in_que
 .text.process_debug
                0x0300d384      0x190 libmc300.a(process.o)
                0x0300d384                process_debug
 .text          0x0300d514        0x0 libmc300.a(contiki-main.o)
 .text.test_rtimer
                0x0300d514        0xc libmc300.a(contiki-main.o)
                0x0300d514                test_rtimer
 .text.send_frame_rtimer
                0x0300d520        0xc libmc300.a(contiki-main.o)
                0x0300d520                send_frame_rtimer
 .text.dump_boot_message
                0x0300d52c       0x40 libmc300.a(contiki-main.o)
                0x0300d52c                dump_boot_message
 .text.get_all_config
                0x0300d56c       0x38 libmc300.a(contiki-main.o)
                0x0300d56c                get_all_config
 .text.log_init
                0x0300d5a4       0x68 libmc300.a(contiki-main.o)
                0x0300d5a4                log_init
 .text          0x0300d60c        0x0 libmc300.a(drv_timer.o)
 .text.hwtmr_stop
                0x0300d60c       0x20 libmc300.a(drv_timer.o)
                0x0300d60c                hwtmr_stop
 .text.hwtmr_start
                0x0300d62c       0x34 libmc300.a(drv_timer.o)
                0x0300d62c                hwtmr_start
 .text.hwtmr_init
                0x0300d660       0x2c libmc300.a(drv_timer.o)
                0x0300d660                hwtmr_init
 .text          0x0300d68c        0x0 libmc300.a(drv_uart.o)
 .text.drv_uart_enable
                0x0300d68c       0x54 libmc300.a(drv_uart.o)
                0x0300d68c                drv_uart_enable
 .text.drv_uart_init
                0x0300d6e0       0xd0 libmc300.a(drv_uart.o)
                0x0300d6e0                drv_uart_init
 .text.drv_uart_tx_0
                0x0300d7b0        0xc libmc300.a(drv_uart.o)
                0x0300d7b0                drv_uart_tx_0
 .text.drv_uart_is_tx_busy_0
                0x0300d7bc       0x18 libmc300.a(drv_uart.o)
                0x0300d7bc                drv_uart_is_tx_busy_0
 .text.drv_uart_multiple_tx_0
                0x0300d7d4       0x34 libmc300.a(drv_uart.o)
                0x0300d7d4                drv_uart_multiple_tx_0
 .text.drv_uart_get_uart_fifo_length_0
                0x0300d808        0x8 libmc300.a(drv_uart.o)
                0x0300d808                drv_uart_get_uart_fifo_length_0
 .text.drv_uart_enable_tx_int_0
                0x0300d810       0x14 libmc300.a(drv_uart.o)
                0x0300d810                drv_uart_enable_tx_int_0
 .text.drv_uart_disable_tx_int_0
                0x0300d824       0x14 libmc300.a(drv_uart.o)
                0x0300d824                drv_uart_disable_tx_int_0
 .text.drv_uart_enable_rx_int_0
                0x0300d838       0x14 libmc300.a(drv_uart.o)
                0x0300d838                drv_uart_enable_rx_int_0
 .text.drv_uart_disable_rx_int_0
                0x0300d84c       0x14 libmc300.a(drv_uart.o)
                0x0300d84c                drv_uart_disable_rx_int_0
 .text.drv_datauart_init
                0x0300d860      0x170 libmc300.a(drv_uart.o)
                0x0300d860                drv_datauart_init
 .text.drv_datauart_Deinit
                0x0300d9d0       0x74 libmc300.a(drv_uart.o)
                0x0300d9d0                drv_datauart_Deinit
 .text.drv_datauart_conf
                0x0300da44       0x7c libmc300.a(drv_uart.o)
                0x0300da44                drv_datauart_conf
 .text          0x0300dac0        0x0 libmc300.a(hw_init.o)
 .text.hw_tbl_write
                0x0300dac0       0x60 libmc300.a(hw_init.o)
 .text.modulator_and_pll_reset
                0x0300db20       0xd4 libmc300.a(hw_init.o)
                0x0300db20                modulator_and_pll_reset
 .text.ssv6xxx_phy_disable
                0x0300dbf4       0x14 libmc300.a(hw_init.o)
                0x0300dbf4                ssv6xxx_phy_disable
 .text.ssv6xxx_mac_disable
                0x0300dc08       0x14 libmc300.a(hw_init.o)
                0x0300dc08                ssv6xxx_mac_disable
 .text.ssv6xxx_hw_rf_phy_mac_reset
                0x0300dc1c      0x228 libmc300.a(hw_init.o)
                0x0300dc1c                ssv6xxx_hw_rf_phy_mac_reset
 .text.ssv6xxx_hw_radio_init
                0x0300de44      0x1b8 libmc300.a(hw_init.o)
                0x0300de44                ssv6xxx_hw_radio_init
 .text          0x0300dffc        0x0 libmc300.a(swpwm.o)
 .text.initSwPWM
                0x0300dffc       0x28 libmc300.a(swpwm.o)
                0x0300dffc                initSwPWM
 .text.pwm_unregister
                0x0300e024       0xa0 libmc300.a(swpwm.o)
                0x0300e024                pwm_unregister
 .text.disableSwPWM
                0x0300e0c4       0x34 libmc300.a(swpwm.o)
                0x0300e0c4                disableSwPWM
 .text.pwm_register
                0x0300e0f8       0xe4 libmc300.a(swpwm.o)
                0x0300e0f8                pwm_register
 .text.enableSwPWM
                0x0300e1dc       0x6c libmc300.a(swpwm.o)
                0x0300e1dc                enableSwPWM
 .text          0x0300e248        0x0 libmc300.a(systemconf.o)
 .text.gconfig_gen_header_to_mem
                0x0300e248       0x3c libmc300.a(systemconf.o)
                0x0300e248                gconfig_gen_header_to_mem
 .text.gconfig_gen_config_to_mem
                0x0300e284       0x48 libmc300.a(systemconf.o)
                0x0300e284                gconfig_gen_config_to_mem
 .text.gconfig_gen_config_table
                0x0300e2cc      0x114 libmc300.a(systemconf.o)
                0x0300e2cc                gconfig_gen_config_table
 .text.gconfig_save_config
                0x0300e3e0       0x48 libmc300.a(systemconf.o)
                0x0300e3e0                gconfig_save_config
 .text.gconfig_set_softap_channel
                0x0300e428       0x28 libmc300.a(systemconf.o)
                0x0300e428                gconfig_set_softap_channel
 .text.gconfig_set_softap_ssid
                0x0300e450       0xac libmc300.a(systemconf.o)
                0x0300e450                gconfig_set_softap_ssid
 .text.gconfig_set_enable_smart
                0x0300e4fc       0x64 libmc300.a(systemconf.o)
                0x0300e4fc                gconfig_set_enable_smart
 .text.gconfig_set_auto_connect
                0x0300e560       0x40 libmc300.a(systemconf.o)
                0x0300e560                gconfig_set_auto_connect
 .text.gconfig_init_global_conf_by_define
                0x0300e5a0       0x14 libmc300.a(systemconf.o)
                0x0300e5a0                gconfig_init_global_conf_by_define
 .text.reset_global_conf
                0x0300e5b4       0x3c libmc300.a(systemconf.o)
                0x0300e5b4                reset_global_conf
 .text.remove_sysconfig
                0x0300e5f0       0x58 libmc300.a(systemconf.o)
                0x0300e5f0                remove_sysconfig
 .text.write_wifi_config
                0x0300e648       0xe4 libmc300.a(systemconf.o)
                0x0300e648                write_wifi_config
 .text.read_wifi_config
                0x0300e72c       0x9c libmc300.a(systemconf.o)
                0x0300e72c                read_wifi_config
 .text.init_global_conf
                0x0300e7c8       0xe8 libmc300.a(systemconf.o)
                0x0300e7c8                init_global_conf
 .text.clear_ap_lists
                0x0300e8b0       0x3c libmc300.a(systemconf.o)
                0x0300e8b0                clear_ap_lists
 .text          0x0300e8ec        0x0 libmc300.a(wdog_api.o)
 .text.process_thread_watchdog_process
                0x0300e8ec      0x134 libmc300.a(wdog_api.o)
 .text.irq_handler_wdog_timer
                0x0300ea20       0x94 libmc300.a(wdog_api.o)
 .text.api_wdog_reboot
                0x0300eab4        0x4 libmc300.a(wdog_api.o)
                0x0300eab4                api_wdog_reboot
 .text.api_wdog_period_5000ms
                0x0300eab8        0x4 libmc300.a(wdog_api.o)
                0x0300eab8                api_wdog_period_5000ms
 .text.api_wdog_period_10000ms
                0x0300eabc        0x4 libmc300.a(wdog_api.o)
                0x0300eabc                api_wdog_period_10000ms
 .text.api_wdog_period_cutommed
                0x0300eac0        0x4 libmc300.a(wdog_api.o)
                0x0300eac0                api_wdog_period_cutommed
 .text.api_wdog_stop
                0x0300eac4        0x4 libmc300.a(wdog_api.o)
                0x0300eac4                api_wdog_stop
 .text.clear_rx_fifo
                0x0300eac8       0xc8 libmc300.a(wdog_api.o)
                0x0300eac8                clear_rx_fifo
 .text.api_softwdog_enable
                0x0300eb90       0x10 libmc300.a(wdog_api.o)
                0x0300eb90                api_softwdog_enable
 .text          0x0300eba0        0x0 libmc300.a(bsp.o)
 .text.set_mrx_filter_sta
                0x0300eba0      0x294 libmc300.a(bsp.o)
                0x0300eba0                set_mrx_filter_sta
 .text.set_softap_trap_enable
                0x0300ee34       0x14 libmc300.a(bsp.o)
                0x0300ee34                set_softap_trap_enable
 .text.set_softap_trap_disable
                0x0300ee48       0x14 libmc300.a(bsp.o)
                0x0300ee48                set_softap_trap_disable
 .text.set_mrx_filter_softap_beacon_on
                0x0300ee5c       0x20 libmc300.a(bsp.o)
                0x0300ee5c                set_mrx_filter_softap_beacon_on
 .text.set_mrx_filter_softap_beacon_off
                0x0300ee7c       0x20 libmc300.a(bsp.o)
                0x0300ee7c                set_mrx_filter_softap_beacon_off
 .text.set_mrx_filter_softap
                0x0300ee9c      0x260 libmc300.a(bsp.o)
                0x0300ee9c                set_mrx_filter_softap
 .text.get_efuse_id
                0x0300f0fc       0x24 libmc300.a(bsp.o)
                0x0300f0fc                get_efuse_id
 .text.hf_get_chip_version
                0x0300f120       0x14 libmc300.a(bsp.o)
                0x0300f120                hf_get_chip_version
 .text.hf_get_module_type
                0x0300f134       0x14 libmc300.a(bsp.o)
                0x0300f134                hf_get_module_type
 .text.chk_chip_valid
                0x0300f148       0x6c libmc300.a(bsp.o)
                0x0300f148                chk_chip_valid
 .text.bsp_init
                0x0300f1b4       0x8c libmc300.a(bsp.o)
                0x0300f1b4                bsp_init
 .text.enable_dcdc_mode
                0x0300f240       0x20 libmc300.a(bsp.o)
                0x0300f240                enable_dcdc_mode
 .text.get_chip_id
                0x0300f260       0x10 libmc300.a(bsp.o)
                0x0300f260                get_chip_id
 .text          0x0300f270        0x0 libmc300.a(crypthw.o)
 .text.drv_id_mng_alloc
                0x0300f270       0x7c libmc300.a(crypthw.o)
                0x0300f270                drv_id_mng_alloc
 .text.PBUF_MAlloc_Raw
                0x0300f2ec       0x50 libmc300.a(crypthw.o)
                0x0300f2ec                PBUF_MAlloc_Raw
 .text.wpa_drv_init
                0x0300f33c       0x40 libmc300.a(crypthw.o)
                0x0300f33c                wpa_drv_init
 .text.soft_mac_init
                0x0300f37c       0x68 libmc300.a(crypthw.o)
                0x0300f37c                soft_mac_init
 .text          0x0300f3e4        0x0 libmc300.a(dbg-atcmd-api.o)
 .text.Index2Power
                0x0300f3e4       0x20 libmc300.a(dbg-atcmd-api.o)
                0x0300f3e4                Index2Power
 .text.LogTemperature
                0x0300f404       0x94 libmc300.a(dbg-atcmd-api.o)
                0x0300f404                LogTemperature
 .text.Channel2Index
                0x0300f498       0x1c libmc300.a(dbg-atcmd-api.o)
                0x0300f498                Channel2Index
 .text.Gain2Power
                0x0300f4b4      0x15c libmc300.a(dbg-atcmd-api.o)
                0x0300f4b4                Gain2Power
 .text.Power2BGain
                0x0300f610      0x1a0 libmc300.a(dbg-atcmd-api.o)
                0x0300f610                Power2BGain
 .text.Power2GGain
                0x0300f7b0      0x188 libmc300.a(dbg-atcmd-api.o)
                0x0300f7b0                Power2GGain
 .text.GetDefaultGain
                0x0300f938       0xb4 libmc300.a(dbg-atcmd-api.o)
                0x0300f938                GetDefaultGain
 .text.Freq2P   0x0300f9ec        0xc libmc300.a(dbg-atcmd-api.o)
                0x0300f9ec                Freq2P
 .text.Freq2N   0x0300f9f8        0xc libmc300.a(dbg-atcmd-api.o)
                0x0300f9f8                Freq2N
 .text.UpdateConf
                0x0300fa04      0x3b4 libmc300.a(dbg-atcmd-api.o)
                0x0300fa04                UpdateConf
 .text.drv_phy_wait_rdy2
                0x0300fdb8       0x30 libmc300.a(dbg-atcmd-api.o)
                0x0300fdb8                drv_phy_wait_rdy2
 .text.mac_transfer
                0x0300fde8       0x40 libmc300.a(dbg-atcmd-api.o)
                0x0300fde8                mac_transfer
 .text.serial_transfer
                0x0300fe28       0x58 libmc300.a(dbg-atcmd-api.o)
                0x0300fe28                serial_transfer
 .text._DBG_AT_SET_PEERMAC
                0x0300fe80       0x2c libmc300.a(dbg-atcmd-api.o)
                0x0300fe80                _DBG_AT_SET_PEERMAC
 .text._DBG_AT_SET_PEERMAC_SOFTAP
                0x0300feac       0x38 libmc300.a(dbg-atcmd-api.o)
                0x0300feac                _DBG_AT_SET_PEERMAC_SOFTAP
 .text._DBG_AT_RESET_PEERMAC_SOFTAP
                0x0300fee4       0x38 libmc300.a(dbg-atcmd-api.o)
                0x0300fee4                _DBG_AT_RESET_PEERMAC_SOFTAP
 .text._DBG_AT_SET_CHANNEL
                0x0300ff1c       0x50 libmc300.a(dbg-atcmd-api.o)
                0x0300ff1c                _DBG_AT_SET_CHANNEL
 .text._DBG_AT_SET_MAC
                0x0300ff6c        0x4 libmc300.a(dbg-atcmd-api.o)
                0x0300ff6c                _DBG_AT_SET_MAC
 .text._DBG_AT_SET_BSSID
                0x0300ff70        0x4 libmc300.a(dbg-atcmd-api.o)
                0x0300ff70                _DBG_AT_SET_BSSID
 .text._DBG_AT_SEND
                0x0300ff74       0x58 libmc300.a(dbg-atcmd-api.o)
                0x0300ff74                _DBG_AT_SEND
 .text.process_thread_start_tx_process
                0x0300ffcc      0x120 libmc300.a(dbg-atcmd-api.o)
 .text.RFStart  0x030100ec      0x2a8 libmc300.a(dbg-atcmd-api.o)
                0x030100ec                RFStart
 .text.process_thread_rf_start_process
                0x03010394       0xf0 libmc300.a(dbg-atcmd-api.o)
 .text.RFRate   0x03010484      0x2c0 libmc300.a(dbg-atcmd-api.o)
                0x03010484                RFRate
 .text.RFBGain  0x03010744       0x90 libmc300.a(dbg-atcmd-api.o)
                0x03010744                RFBGain
 .text.RFGNGain
                0x030107d4       0x90 libmc300.a(dbg-atcmd-api.o)
                0x030107d4                RFGNGain
 .text.RFIQPhase
                0x03010864       0x88 libmc300.a(dbg-atcmd-api.o)
                0x03010864                RFIQPhase
 .text.RFIQAmp  0x030108ec       0x88 libmc300.a(dbg-atcmd-api.o)
                0x030108ec                RFIQAmp
 .text.RFStop   0x03010974       0x3c libmc300.a(dbg-atcmd-api.o)
                0x03010974                RFStop
 .text.RFReset  0x030109b0      0x43c libmc300.a(dbg-atcmd-api.o)
                0x030109b0                RFReset
 .text.RFCount  0x03010dec       0x58 libmc300.a(dbg-atcmd-api.o)
                0x03010dec                RFCount
 .text.RFFreqOffset
                0x03010e44      0x104 libmc300.a(dbg-atcmd-api.o)
                0x03010e44                RFFreqOffset
 .text.RFTempcsHT
                0x03010f48       0xc8 libmc300.a(dbg-atcmd-api.o)
                0x03010f48                RFTempcsHT
 .text.RFTempcsRT
                0x03011010       0xc8 libmc300.a(dbg-atcmd-api.o)
                0x03011010                RFTempcsRT
 .text.RFTempcsLT
                0x030110d8       0xc8 libmc300.a(dbg-atcmd-api.o)
                0x030110d8                RFTempcsLT
 .text.ReadTemperature
                0x030111a0       0xd0 libmc300.a(dbg-atcmd-api.o)
                0x030111a0                ReadTemperature
 .text.process_thread_temperature_compensator_process
                0x03011270      0x30c libmc300.a(dbg-atcmd-api.o)
 .text.EnableTemperatureCompensator
                0x0301157c       0x1c libmc300.a(dbg-atcmd-api.o)
                0x0301157c                EnableTemperatureCompensator
 .text.DumpRFParam
                0x03011598       0xfc libmc300.a(dbg-atcmd-api.o)
                0x03011598                DumpRFParam
 .text.WriteParam2Flash
                0x03011694      0x370 libmc300.a(dbg-atcmd-api.o)
                0x03011694                WriteParam2Flash
 .text.RFSetLDO
                0x03011a04       0x88 libmc300.a(dbg-atcmd-api.o)
                0x03011a04                RFSetLDO
 .text.RFSetPA1
                0x03011a8c       0x68 libmc300.a(dbg-atcmd-api.o)
                0x03011a8c                RFSetPA1
 .text.RFSetPA2
                0x03011af4       0x68 libmc300.a(dbg-atcmd-api.o)
                0x03011af4                RFSetPA2
 .text.RFSetPA3
                0x03011b5c       0x68 libmc300.a(dbg-atcmd-api.o)
                0x03011b5c                RFSetPA3
 .text.RFSetXTAL
                0x03011bc4       0x60 libmc300.a(dbg-atcmd-api.o)
                0x03011bc4                RFSetXTAL
 .text.RFSetFlashXTAL
                0x03011c24       0x9c libmc300.a(dbg-atcmd-api.o)
                0x03011c24                RFSetFlashXTAL
 .text.SetTemperatureBoundary
                0x03011cc0       0x90 libmc300.a(dbg-atcmd-api.o)
                0x03011cc0                SetTemperatureBoundary
 .text.SingleCarrier
                0x03011d50       0x94 libmc300.a(dbg-atcmd-api.o)
                0x03011d50                SingleCarrier
 .text.SetRFCallback
                0x03011de4       0x1c libmc300.a(dbg-atcmd-api.o)
                0x03011de4                SetRFCallback
 .text.Radio_Command
                0x03011e00     0x14a8 libmc300.a(dbg-atcmd-api.o)
                0x03011e00                Radio_Command
 .text.Parse_Radio_Command
                0x030132a8       0x88 libmc300.a(dbg-atcmd-api.o)
                0x030132a8                Parse_Radio_Command
 .text          0x03013330        0x0 libmc300.a(drv_mac.o)
 .text.SET_STA_MAC
                0x03013330       0x74 libmc300.a(drv_mac.o)
                0x03013330                SET_STA_MAC
 .text.GET_STA_MAC
                0x030133a4       0x4c libmc300.a(drv_mac.o)
                0x030133a4                GET_STA_MAC
 .text.SET_BSSID
                0x030133f0       0x74 libmc300.a(drv_mac.o)
                0x030133f0                SET_BSSID
 .text.GET_BSSID
                0x03013464       0x4c libmc300.a(drv_mac.o)
                0x03013464                GET_BSSID
 .text.SET_PEER_MAC0
                0x030134b0       0x74 libmc300.a(drv_mac.o)
                0x030134b0                SET_PEER_MAC0
 .text.GET_PEER_MAC0
                0x03013524       0x4c libmc300.a(drv_mac.o)
                0x03013524                GET_PEER_MAC0
 .text.SET_PEER_MAC1
                0x03013570       0x74 libmc300.a(drv_mac.o)
                0x03013570                SET_PEER_MAC1
 .text.GET_PEER_MAC1
                0x030135e4       0x4c libmc300.a(drv_mac.o)
                0x030135e4                GET_PEER_MAC1
 .text.SET_MRX_MCAST_TB0
                0x03013630       0x74 libmc300.a(drv_mac.o)
                0x03013630                SET_MRX_MCAST_TB0
 .text.GET_MRX_MCAST_TB0
                0x030136a4       0x4c libmc300.a(drv_mac.o)
                0x030136a4                GET_MRX_MCAST_TB0
 .text.SET_MRX_MCAST_TB1
                0x030136f0       0x74 libmc300.a(drv_mac.o)
                0x030136f0                SET_MRX_MCAST_TB1
 .text.GET_MRX_MCAST_TB1
                0x03013764       0x4c libmc300.a(drv_mac.o)
                0x03013764                GET_MRX_MCAST_TB1
 .text.SET_MRX_MCAST_TB2
                0x030137b0       0x74 libmc300.a(drv_mac.o)
                0x030137b0                SET_MRX_MCAST_TB2
 .text.GET_MRX_MCAST_TB2
                0x03013824       0x4c libmc300.a(drv_mac.o)
                0x03013824                GET_MRX_MCAST_TB2
 .text.SET_MRX_MCAST_TB3
                0x03013870       0x74 libmc300.a(drv_mac.o)
                0x03013870                SET_MRX_MCAST_TB3
 .text.GET_MRX_MCAST_TB3
                0x030138e4       0x4c libmc300.a(drv_mac.o)
                0x030138e4                GET_MRX_MCAST_TB3
 .text.SET_MRX_MCAST_MASK0
                0x03013930       0x74 libmc300.a(drv_mac.o)
                0x03013930                SET_MRX_MCAST_MASK0
 .text.GET_MRX_MCAST_MASK0
                0x030139a4       0x4c libmc300.a(drv_mac.o)
                0x030139a4                GET_MRX_MCAST_MASK0
 .text.SET_MRX_MCAST_MASK1
                0x030139f0       0x74 libmc300.a(drv_mac.o)
                0x030139f0                SET_MRX_MCAST_MASK1
 .text.GET_MRX_MCAST_MASK1
                0x03013a64       0x4c libmc300.a(drv_mac.o)
                0x03013a64                GET_MRX_MCAST_MASK1
 .text.SET_MRX_MCAST_MASK2
                0x03013ab0       0x74 libmc300.a(drv_mac.o)
                0x03013ab0                SET_MRX_MCAST_MASK2
 .text.GET_MRX_MCAST_MASK2
                0x03013b24       0x4c libmc300.a(drv_mac.o)
                0x03013b24                GET_MRX_MCAST_MASK2
 .text.SET_MRX_MCAST_MASK3
                0x03013b70       0x74 libmc300.a(drv_mac.o)
                0x03013b70                SET_MRX_MCAST_MASK3
 .text.GET_MRX_MCAST_MASK3
                0x03013be4       0x4c libmc300.a(drv_mac.o)
                0x03013be4                GET_MRX_MCAST_MASK3
 .text.SET_BA_TA
                0x03013c30       0x74 libmc300.a(drv_mac.o)
                0x03013c30                SET_BA_TA
 .text.GET_BA_TA
                0x03013ca4       0x4c libmc300.a(drv_mac.o)
                0x03013ca4                GET_BA_TA
 .text.SET_ACK_GEN_RA
                0x03013cf0       0x74 libmc300.a(drv_mac.o)
                0x03013cf0                SET_ACK_GEN_RA
 .text.GET_ACK_GEN_RA
                0x03013d64       0x4c libmc300.a(drv_mac.o)
                0x03013d64                GET_ACK_GEN_RA
 .text          0x03013db0        0x0 libmc300.a(drv_phy.o)
 .text.rg_idacai_pgag0_load
                0x03013db0       0x1c libmc300.a(drv_phy.o)
                0x03013db0                rg_idacai_pgag0_load
 .text.rg_idacai_pgag1_load
                0x03013dcc       0x1c libmc300.a(drv_phy.o)
                0x03013dcc                rg_idacai_pgag1_load
 .text.rg_idacai_pgag2_load
                0x03013de8       0x1c libmc300.a(drv_phy.o)
                0x03013de8                rg_idacai_pgag2_load
 .text.rg_idacai_pgag3_load
                0x03013e04       0x1c libmc300.a(drv_phy.o)
                0x03013e04                rg_idacai_pgag3_load
 .text.rg_idacai_pgag4_load
                0x03013e20       0x1c libmc300.a(drv_phy.o)
                0x03013e20                rg_idacai_pgag4_load
 .text.rg_idacai_pgag5_load
                0x03013e3c       0x1c libmc300.a(drv_phy.o)
                0x03013e3c                rg_idacai_pgag5_load
 .text.rg_idacai_pgag6_load
                0x03013e58       0x1c libmc300.a(drv_phy.o)
                0x03013e58                rg_idacai_pgag6_load
 .text.rg_idacai_pgag7_load
                0x03013e74       0x1c libmc300.a(drv_phy.o)
                0x03013e74                rg_idacai_pgag7_load
 .text.rg_idacai_pgag8_load
                0x03013e90       0x1c libmc300.a(drv_phy.o)
                0x03013e90                rg_idacai_pgag8_load
 .text.rg_idacai_pgag9_load
                0x03013eac       0x1c libmc300.a(drv_phy.o)
                0x03013eac                rg_idacai_pgag9_load
 .text.rg_idacai_pgag10_load
                0x03013ec8       0x1c libmc300.a(drv_phy.o)
                0x03013ec8                rg_idacai_pgag10_load
 .text.rg_idacai_pgag11_load
                0x03013ee4       0x1c libmc300.a(drv_phy.o)
                0x03013ee4                rg_idacai_pgag11_load
 .text.rg_idacai_pgag12_load
                0x03013f00       0x1c libmc300.a(drv_phy.o)
                0x03013f00                rg_idacai_pgag12_load
 .text.rg_idacai_pgag13_load
                0x03013f1c       0x1c libmc300.a(drv_phy.o)
                0x03013f1c                rg_idacai_pgag13_load
 .text.rg_idacai_pgag14_load
                0x03013f38       0x1c libmc300.a(drv_phy.o)
                0x03013f38                rg_idacai_pgag14_load
 .text.rg_idacai_pgag15_load
                0x03013f54       0x1c libmc300.a(drv_phy.o)
                0x03013f54                rg_idacai_pgag15_load
 .text.rg_idacaq_pgag0_load
                0x03013f70       0x1c libmc300.a(drv_phy.o)
                0x03013f70                rg_idacaq_pgag0_load
 .text.rg_idacaq_pgag1_load
                0x03013f8c       0x1c libmc300.a(drv_phy.o)
                0x03013f8c                rg_idacaq_pgag1_load
 .text.rg_idacaq_pgag2_load
                0x03013fa8       0x1c libmc300.a(drv_phy.o)
                0x03013fa8                rg_idacaq_pgag2_load
 .text.rg_idacaq_pgag3_load
                0x03013fc4       0x1c libmc300.a(drv_phy.o)
                0x03013fc4                rg_idacaq_pgag3_load
 .text.rg_idacaq_pgag4_load
                0x03013fe0       0x1c libmc300.a(drv_phy.o)
                0x03013fe0                rg_idacaq_pgag4_load
 .text.rg_idacaq_pgag5_load
                0x03013ffc       0x1c libmc300.a(drv_phy.o)
                0x03013ffc                rg_idacaq_pgag5_load
 .text.rg_idacaq_pgag6_load
                0x03014018       0x1c libmc300.a(drv_phy.o)
                0x03014018                rg_idacaq_pgag6_load
 .text.rg_idacaq_pgag7_load
                0x03014034       0x1c libmc300.a(drv_phy.o)
                0x03014034                rg_idacaq_pgag7_load
 .text.rg_idacaq_pgag8_load
                0x03014050       0x1c libmc300.a(drv_phy.o)
                0x03014050                rg_idacaq_pgag8_load
 .text.rg_idacaq_pgag9_load
                0x0301406c       0x1c libmc300.a(drv_phy.o)
                0x0301406c                rg_idacaq_pgag9_load
 .text.rg_idacaq_pgag10_load
                0x03014088       0x1c libmc300.a(drv_phy.o)
                0x03014088                rg_idacaq_pgag10_load
 .text.rg_idacaq_pgag11_load
                0x030140a4       0x1c libmc300.a(drv_phy.o)
                0x030140a4                rg_idacaq_pgag11_load
 .text.rg_idacaq_pgag12_load
                0x030140c0       0x1c libmc300.a(drv_phy.o)
                0x030140c0                rg_idacaq_pgag12_load
 .text.rg_idacaq_pgag13_load
                0x030140dc       0x1c libmc300.a(drv_phy.o)
                0x030140dc                rg_idacaq_pgag13_load
 .text.rg_idacaq_pgag14_load
                0x030140f8       0x1c libmc300.a(drv_phy.o)
                0x030140f8                rg_idacaq_pgag14_load
 .text.rg_idacaq_pgag15_load
                0x03014114       0x1c libmc300.a(drv_phy.o)
                0x03014114                rg_idacaq_pgag15_load
 .text.rfreg_byxtal_load
                0x03014130       0x84 libmc300.a(drv_phy.o)
                0x03014130                rfreg_byxtal_load
 .text.rfreg_bych_load
                0x030141b4       0x7c libmc300.a(drv_phy.o)
                0x030141b4                rfreg_bych_load
 .text.rfreg_bypa_load
                0x03014230       0x44 libmc300.a(drv_phy.o)
                0x03014230                rfreg_bypa_load
 .text.drv_phy_tbl_load
                0x03014274       0x38 libmc300.a(drv_phy.o)
                0x03014274                drv_phy_tbl_load
 .text.drv_phy_cfgtbl_load
                0x030142ac       0x20 libmc300.a(drv_phy.o)
                0x030142ac                drv_phy_cfgtbl_load
 .text.drv_phy_wait_rdy
                0x030142cc       0x30 libmc300.a(drv_phy.o)
                0x030142cc                drv_phy_wait_rdy
 .text.drv_phy_cali_rcal
                0x030142fc       0x68 libmc300.a(drv_phy.o)
                0x030142fc                drv_phy_cali_rcal
 .text.drv_phy_cali_tssi
                0x03014364      0x1b8 libmc300.a(drv_phy.o)
                0x03014364                drv_phy_cali_tssi
 .text.drv_phy_temperature
                0x0301451c       0x90 libmc300.a(drv_phy.o)
                0x0301451c                drv_phy_temperature
 .text.drv_phy_cali_papd_learning
                0x030145ac      0x1ec libmc300.a(drv_phy.o)
                0x030145ac                drv_phy_cali_papd_learning
 .text.drv_phy_channel_change
                0x03014798       0x74 libmc300.a(drv_phy.o)
                0x03014798                drv_phy_channel_change
 .text.drv_phy_sprm
                0x0301480c       0x64 libmc300.a(drv_phy.o)
                0x0301480c                drv_phy_sprm
 .text.drv_phy_cali_txlo
                0x03014870      0x16c libmc300.a(drv_phy.o)
                0x03014870                drv_phy_cali_txlo
 .text.drv_phy_cali_txiq
                0x030149dc      0x160 libmc300.a(drv_phy.o)
                0x030149dc                drv_phy_cali_txiq
 .text.drv_phy_cali_rxrc
                0x03014b3c      0x23c libmc300.a(drv_phy.o)
                0x03014b3c                drv_phy_cali_rxrc
 .text.drv_phy_fft_enrg
                0x03014d78       0x54 libmc300.a(drv_phy.o)
                0x03014d78                drv_phy_fft_enrg
 .text.drv_phy_cali_rxiq_fft
                0x03014dcc      0x1a4 libmc300.a(drv_phy.o)
                0x03014dcc                drv_phy_cali_rxiq_fft
 .text.rtbl_cali_reg_rmw
                0x03014f70       0x28 libmc300.a(drv_phy.o)
                0x03014f70                rtbl_cali_reg_rmw
 .text.rtbl_cali_pre_load
                0x03014f98       0x68 libmc300.a(drv_phy.o)
                0x03014f98                rtbl_cali_pre_load
 .text.drv_phy_cali_rxdc
                0x03015000      0x224 libmc300.a(drv_phy.o)
                0x03015000                drv_phy_cali_rxdc
 .text.rtbl_cali_load
                0x03015224       0x24 libmc300.a(drv_phy.o)
                0x03015224                rtbl_cali_load
 .text.rtbl_cali_export
                0x03015248       0x18 libmc300.a(drv_phy.o)
                0x03015248                rtbl_cali_export
 .text.rtbl_cali_load_def
                0x03015260       0x68 libmc300.a(drv_phy.o)
                0x03015260                rtbl_cali_load_def
 .text.rtbl_cali_reset
                0x030152c8       0x38 libmc300.a(drv_phy.o)
                0x030152c8                rtbl_cali_reset
 .text.rtbl_cali_set
                0x03015300       0x84 libmc300.a(drv_phy.o)
                0x03015300                rtbl_cali_set
 .text.drv_phy_init
                0x03015384       0x90 libmc300.a(drv_phy.o)
                0x03015384                drv_phy_init
 .text.drv_phy_off
                0x03015414       0x14 libmc300.a(drv_phy.o)
                0x03015414                drv_phy_off
 .text.drv_phy_b_only
                0x03015428       0x10 libmc300.a(drv_phy.o)
                0x03015428                drv_phy_b_only
 .text.drv_phy_bgn
                0x03015438       0x14 libmc300.a(drv_phy.o)
                0x03015438                drv_phy_bgn
 .text.drv_phy_on
                0x0301544c       0x14 libmc300.a(drv_phy.o)
                0x0301544c                drv_phy_on
 .text.drv_phy_cali_ro_iqcal_o
                0x03015460        0xc libmc300.a(drv_phy.o)
                0x03015460                drv_phy_cali_ro_iqcal_o
 .text.drv_phy_cali_papd_div
                0x0301546c       0x84 libmc300.a(drv_phy.o)
                0x0301546c                drv_phy_cali_papd_div
 .text.drv_phy_cali_papd_gain_est
                0x030154f0      0x160 libmc300.a(drv_phy.o)
                0x030154f0                drv_phy_cali_papd_gain_est
 .text.drv_phy_cali_ph_wrap
                0x03015650       0x1c libmc300.a(drv_phy.o)
                0x03015650                drv_phy_cali_ph_wrap
 .text.drv_phy_cali_papd
                0x0301566c      0x5a4 libmc300.a(drv_phy.o)
                0x0301566c                drv_phy_cali_papd
 .text.drv_phy_reg_init
                0x03015c10       0xd0 libmc300.a(drv_phy.o)
                0x03015c10                drv_phy_reg_init
 .text.drv_phy_cali_rtbl_load
                0x03015ce0       0x5c libmc300.a(drv_phy.o)
                0x03015ce0                drv_phy_cali_rtbl_load
 .text.phy_cali_config_load
                0x03015d3c      0x124 libmc300.a(drv_phy.o)
                0x03015d3c                phy_cali_config_load
 .text.drv_phy_cali_rtbl_load_def
                0x03015e60       0x5c libmc300.a(drv_phy.o)
                0x03015e60                drv_phy_cali_rtbl_load_def
 .text.drv_phy_cali_rtbl_reset
                0x03015ebc       0x5c libmc300.a(drv_phy.o)
                0x03015ebc                drv_phy_cali_rtbl_reset
 .text.drv_phy_cali_rtbl_set
                0x03015f18       0x5c libmc300.a(drv_phy.o)
                0x03015f18                drv_phy_cali_rtbl_set
 .text.drv_phy_cali_rtbl_export
                0x03015f74        0x4 libmc300.a(drv_phy.o)
                0x03015f74                drv_phy_cali_rtbl_export
 .text.drv_phy_init_cali
                0x03015f78       0xd0 libmc300.a(drv_phy.o)
                0x03015f78                drv_phy_init_cali
 .text.drv_phy_evm_tk
                0x03016048       0x5c libmc300.a(drv_phy.o)
                0x03016048                drv_phy_evm_tk
 .text.drv_phy_tone_tk
                0x030160a4       0x38 libmc300.a(drv_phy.o)
                0x030160a4                drv_phy_tone_tk
 .text          0x030160dc        0x0 libmc300.a(drv_pktbuf_slow)
 .text.ssv6xxx_pbuf_dump_reg
                0x030160dc      0x6a4 libmc300.a(drv_pktbuf_slow)
                0x030160dc                ssv6xxx_pbuf_dump_reg
 .text          0x03016780        0x0 libmc300.a(ieee80211_mgmt.)
 .text.process_thread_scan_channel_process
                0x03016780       0xd8 libmc300.a(ieee80211_mgmt.)
 .text.mitigate_cci
                0x03016858      0x188 libmc300.a(ieee80211_mgmt.)
                0x03016858                mitigate_cci
 .text.enableNmode
                0x030169e0       0x14 libmc300.a(ieee80211_mgmt.)
                0x030169e0                enableNmode
 .text.disableNmode
                0x030169f4       0x14 libmc300.a(ieee80211_mgmt.)
                0x030169f4                disableNmode
 .text.wificbproc
                0x03016a08       0x44 libmc300.a(ieee80211_mgmt.)
                0x03016a08                wificbproc
 .text.addAvailableIndex
                0x03016a4c       0x3c libmc300.a(ieee80211_mgmt.)
                0x03016a4c                addAvailableIndex
 .text.reset_AvailableIndex
                0x03016a88       0x14 libmc300.a(ieee80211_mgmt.)
                0x03016a88                reset_AvailableIndex
 .text.is_action
                0x03016a9c       0x14 libmc300.a(ieee80211_mgmt.)
                0x03016a9c                is_action
 .text.find_wmm
                0x03016ab0       0xc8 libmc300.a(ieee80211_mgmt.)
                0x03016ab0                find_wmm
 .text.htinfo_detect
                0x03016b78       0x68 libmc300.a(ieee80211_mgmt.)
                0x03016b78                htinfo_detect
 .text.tx_probe_req
                0x03016be0      0x188 libmc300.a(ieee80211_mgmt.)
                0x03016be0                tx_probe_req
 .text.process_thread_activescan_process
                0x03016d68      0x1e0 libmc300.a(ieee80211_mgmt.)
 .text.tx_authentication_req_seq1
                0x03016f48      0x168 libmc300.a(ieee80211_mgmt.)
                0x03016f48                tx_authentication_req_seq1
 .text.tx_authentication_req_seq3
                0x030170b0      0x120 libmc300.a(ieee80211_mgmt.)
                0x030170b0                tx_authentication_req_seq3
 .text.tx_deauthentication_req
                0x030171d0       0xc4 libmc300.a(ieee80211_mgmt.)
                0x030171d0                tx_deauthentication_req
 .text.tx_association_req
                0x03017294      0x2b0 libmc300.a(ieee80211_mgmt.)
                0x03017294                tx_association_req
 .text.tx_deassociation_req
                0x03017544      0x108 libmc300.a(ieee80211_mgmt.)
                0x03017544                tx_deassociation_req
 .text.tx_action_BA_rsp
                0x0301764c       0xfc libmc300.a(ieee80211_mgmt.)
                0x0301764c                tx_action_BA_rsp
 .text.rx_probe_rsp
                0x03017748      0x3f4 libmc300.a(ieee80211_mgmt.)
                0x03017748                rx_probe_rsp
 .text.rx_probe_rsp_active
                0x03017b3c       0xac libmc300.a(ieee80211_mgmt.)
                0x03017b3c                rx_probe_rsp_active
 .text.rx_authentication_rsp
                0x03017be8      0x1c0 libmc300.a(ieee80211_mgmt.)
                0x03017be8                rx_authentication_rsp
 .text.rx_association_rsp
                0x03017da8       0xa0 libmc300.a(ieee80211_mgmt.)
                0x03017da8                rx_association_rsp
 .text.rx_action_rsp
                0x03017e48       0x30 libmc300.a(ieee80211_mgmt.)
                0x03017e48                rx_action_rsp
 .text.rx_disassoc_rsp
                0x03017e78       0x94 libmc300.a(ieee80211_mgmt.)
                0x03017e78                rx_disassoc_rsp
 .text.rx_deauth_rsp
                0x03017f0c       0x94 libmc300.a(ieee80211_mgmt.)
                0x03017f0c                rx_deauth_rsp
 .text.calculateSignalLevel
                0x03017fa0       0x44 libmc300.a(ieee80211_mgmt.)
                0x03017fa0                calculateSignalLevel
 .text.startrecordAP
                0x03017fe4       0x14 libmc300.a(ieee80211_mgmt.)
                0x03017fe4                startrecordAP
 .text.stoprecordAP
                0x03017ff8       0x14 libmc300.a(ieee80211_mgmt.)
                0x03017ff8                stoprecordAP
 .text.removeAP_fromlist
                0x0301800c       0xe0 libmc300.a(ieee80211_mgmt.)
                0x0301800c                removeAP_fromlist
 .text.smoothingValue
                0x030180ec       0x3c libmc300.a(ieee80211_mgmt.)
                0x030180ec                smoothingValue
 .text.bss_mgmt_reboot
                0x03018128       0x60 libmc300.a(ieee80211_mgmt.)
                0x03018128                bss_mgmt_reboot
 .text.bss_mgmt_refind_aplist_index
                0x03018188      0x1a0 libmc300.a(ieee80211_mgmt.)
                0x03018188                bss_mgmt_refind_aplist_index
 .text.process_thread_beacon_process
                0x03018328      0x338 libmc300.a(ieee80211_mgmt.)
 .text.bss_mgmt_scan
                0x03018660       0x40 libmc300.a(ieee80211_mgmt.)
                0x03018660                bss_mgmt_scan
 .text.bss_mgmt_scan_custom
                0x030186a0       0x34 libmc300.a(ieee80211_mgmt.)
                0x030186a0                bss_mgmt_scan_custom
 .text.bss_mgmt_connect_active
                0x030186d4      0x12c libmc300.a(ieee80211_mgmt.)
                0x030186d4                bss_mgmt_connect_active
 .text.bss_mgmt_connect
                0x03018800       0x78 libmc300.a(ieee80211_mgmt.)
                0x03018800                bss_mgmt_connect
 .text.bss_mgmt_reconnect
                0x03018878       0x70 libmc300.a(ieee80211_mgmt.)
                0x03018878                bss_mgmt_reconnect
 .text.bss_mgmt_disconnect
                0x030188e8       0x64 libmc300.a(ieee80211_mgmt.)
                0x030188e8                bss_mgmt_disconnect
 .text.bss_mgmt_init
                0x0301894c       0xdc libmc300.a(ieee80211_mgmt.)
                0x0301894c                bss_mgmt_init
 .text.startscanchannel
                0x03018a28       0x1c libmc300.a(ieee80211_mgmt.)
                0x03018a28                startscanchannel
 .text.stopscanchannel
                0x03018a44       0x14 libmc300.a(ieee80211_mgmt.)
                0x03018a44                stopscanchannel
 .text.recordAP
                0x03018a58       0x24 libmc300.a(ieee80211_mgmt.)
                0x03018a58                recordAP
 .text.removeAP
                0x03018a7c       0x50 libmc300.a(ieee80211_mgmt.)
                0x03018a7c                removeAP
 .text.process_thread_bss_reconnect_process
                0x03018acc      0x640 libmc300.a(ieee80211_mgmt.)
 .text.bss_nslookup
                0x0301910c       0x3c libmc300.a(ieee80211_mgmt.)
                0x0301910c                bss_nslookup
 .text          0x03019148        0x0 libmc300.a(irq.o)
 .text.reset_phy
                0x03019148       0x9c libmc300.a(irq.o)
                0x03019148                reset_phy
 .text.irq_request
                0x030191e4      0x1c0 libmc300.a(irq.o)
                0x030191e4                irq_request
 .text.irq_init
                0x030193a4       0xb0 libmc300.a(irq.o)
                0x030193a4                irq_init
 .text          0x03019454        0x0 libmc300.a(netstack.o)
 .text.netstack_init
                0x03019454       0x38 libmc300.a(netstack.o)
                0x03019454                netstack_init
 .text          0x0301948c        0x0 libmc300.a(wpa.o)
 .text.wpa_derive_ptk
                0x0301948c       0xf4 libmc300.a(wpa.o)
 .text.init_wpa_ctx
                0x03019580       0x58 libmc300.a(wpa.o)
                0x03019580                init_wpa_ctx
 .text.init_AP_wpa_ctx
                0x030195d8       0xe0 libmc300.a(wpa.o)
                0x030195d8                init_AP_wpa_ctx
 .text.get_oui_subtype
                0x030196b8       0x50 libmc300.a(wpa.o)
                0x030196b8                get_oui_subtype
 .text.find_group_oui
                0x03019708       0x20 libmc300.a(wpa.o)
                0x03019708                find_group_oui
 .text.find_pairwise_oui_for_autoScan
                0x03019728       0x80 libmc300.a(wpa.o)
                0x03019728                find_pairwise_oui_for_autoScan
 .text.find_pairwise_oui
                0x030197a8       0xf0 libmc300.a(wpa.o)
                0x030197a8                find_pairwise_oui
 .text.find_akm_oui
                0x03019898       0xec libmc300.a(wpa.o)
                0x03019898                find_akm_oui
 .text.sec80211_detect
                0x03019984      0x14c libmc300.a(wpa.o)
                0x03019984                sec80211_detect
 .text.sec80211_detect_for_autoScan
                0x03019ad0       0xe4 libmc300.a(wpa.o)
                0x03019ad0                sec80211_detect_for_autoScan
 .text.pack_wpa2
                0x03019bb4       0x40 libmc300.a(wpa.o)
                0x03019bb4                pack_wpa2
 .text.cal_mic  0x03019bf4       0x68 libmc300.a(wpa.o)
                0x03019bf4                cal_mic
 .text.check_mic
                0x03019c5c       0x74 libmc300.a(wpa.o)
                0x03019c5c                check_mic
 .text.decrypt_keydata
                0x03019cd0       0xb4 libmc300.a(wpa.o)
                0x03019cd0                decrypt_keydata
 .text.install_key
                0x03019d84       0x9c libmc300.a(wpa.o)
                0x03019d84                install_key
 .text.InitPacketbuffer
                0x03019e20       0x6c libmc300.a(wpa.o)
                0x03019e20                InitPacketbuffer
 .text.tx_wpa_2_of_4
                0x03019e8c      0x240 libmc300.a(wpa.o)
                0x03019e8c                tx_wpa_2_of_4
 .text.rx_wpa_1_of_4
                0x0301a0cc       0x84 libmc300.a(wpa.o)
                0x0301a0cc                rx_wpa_1_of_4
 .text.tx_wpa_4_of_4
                0x0301a150      0x234 libmc300.a(wpa.o)
                0x0301a150                tx_wpa_4_of_4
 .text.rx_wpa_3_of_4
                0x0301a384      0x1cc libmc300.a(wpa.o)
                0x0301a384                rx_wpa_3_of_4
 .text.rx_wpa_1_of_2
                0x0301a550      0x1d0 libmc300.a(wpa.o)
                0x0301a550                rx_wpa_1_of_2
 .text.tx_wpa_1_of_4
                0x0301a720       0xdc libmc300.a(wpa.o)
                0x0301a720                tx_wpa_1_of_4
 .text.rx_wpa_2_of_4
                0x0301a7fc      0x208 libmc300.a(wpa.o)
                0x0301a7fc                rx_wpa_2_of_4
 .text.tx_wpa_3_of_4
                0x0301aa04      0x1d8 libmc300.a(wpa.o)
                0x0301aa04                tx_wpa_3_of_4
 .text          0x0301abdc        0x0 libmc300.a(hfat.o)
 .text.hf_atcmd_uartadjs
                0x0301abdc        0x8 libmc300.a(hfat.o)
 .text.hf_atcmd_wtest
                0x0301abe4        0x8 libmc300.a(hfat.o)
                0x0301abe4                hf_atcmd_wtest
 .text.hf_atcmd_entm
                0x0301abec       0x14 libmc300.a(hfat.o)
 .text.hf_at_cmd_version
                0x0301ac00       0x2c libmc300.a(hfat.o)
 .text.hf_atcmd_mid
                0x0301ac2c       0x34 libmc300.a(hfat.o)
 .text.hf_atcmd_help
                0x0301ac60      0x150 libmc300.a(hfat.o)
 .text.hf_atcmd_reboot
                0x0301adb0       0x64 libmc300.a(hfat.o)
 .text.hf_atcmd_chbau
                0x0301ae14       0x2c libmc300.a(hfat.o)
                0x0301ae14                hf_atcmd_chbau
 .text.hf_atcmd_sleep
                0x0301ae40       0x44 libmc300.a(hfat.o)
 .text.hf_atcmd_soft_reset
                0x0301ae84       0x6c libmc300.a(hfat.o)
 .text.hf_at_cmd_cfgtf
                0x0301aef0       0x20 libmc300.a(hfat.o)
 .text.hf_at_cmd_fclr
                0x0301af10       0x2c libmc300.a(hfat.o)
 .text.hf_at_cmd_bootloader_version
                0x0301af3c       0x28 libmc300.a(hfat.o)
 .text.hf_atcmd_wrmid
                0x0301af64       0x7c libmc300.a(hfat.o)
 .text.hf_atcmd_reld
                0x0301afe0       0x60 libmc300.a(hfat.o)
 .text.hf_atcmd_time
                0x0301b040       0x44 libmc300.a(hfat.o)
 .text.hf_atcmd_flashrd
                0x0301b084      0x128 libmc300.a(hfat.o)
 .text.hf_atcmd_flashcmd
                0x0301b1ac       0xe4 libmc300.a(hfat.o)
 .text.hf_at_cmd_cfgrd
                0x0301b290       0x8c libmc300.a(hfat.o)
 .text.hf_atcmd_echo
                0x0301b31c       0xa4 libmc300.a(hfat.o)
 .text.hf_at_cmd_cfgw
                0x0301b3c0       0xa8 libmc300.a(hfat.o)
 .text.hf_at_cmd_dcdc
                0x0301b468       0xa0 libmc300.a(hfat.o)
 .text.hf_atcmd_smtlk_setup
                0x0301b508       0x80 libmc300.a(hfat.o)
 .text.hf_atcmd_modechange
                0x0301b588       0xfc libmc300.a(hfat.o)
 .text.hf_atcmd_testpins
                0x0301b684      0x154 libmc300.a(hfat.o)
 .text.hf_atcmd_dbgl
                0x0301b7d8      0x104 libmc300.a(hfat.o)
 .text.hf_atcmd_uart
                0x0301b8dc      0x218 libmc300.a(hfat.o)
 .text.hf_at_cmd_smem
                0x0301baf4       0xb0 libmc300.a(hfat.o)
 .text.hf_atcmd_testpin
                0x0301bba4      0x164 libmc300.a(hfat.o)
 .text.hfat_init
                0x0301bd08        0x8 libmc300.a(hfat.o)
                0x0301bd08                hfat_init
 .text.at_cmds_reply
                0x0301bd10      0x13c libmc300.a(hfat.o)
 .text.uart_at_cmds_reply
                0x0301be4c       0x4c libmc300.a(hfat.o)
                0x0301be4c                uart_at_cmds_reply
 .text.m2m_at_cmd_open_session
                0x0301be98       0x44 libmc300.a(hfat.o)
                0x0301be98                m2m_at_cmd_open_session
 .text.m2m_at_cmd_close_session
                0x0301bedc       0x14 libmc300.a(hfat.o)
                0x0301bedc                m2m_at_cmd_close_session
 .text.str2hex  0x0301bef0       0x7c libmc300.a(hfat.o)
                0x0301bef0                str2hex
 .text.process_at_cmd
                0x0301bf6c      0x35c libmc300.a(hfat.o)
                0x0301bf6c                process_at_cmd
 .text.process_uart_at_cmd
                0x0301c2c8       0x48 libmc300.a(hfat.o)
                0x0301c2c8                process_uart_at_cmd
 .text.hfat_send_cmd
                0x0301c310       0x58 libmc300.a(hfat.o)
                0x0301c310                hfat_send_cmd
 .text.hfat_assis_send_cmd
                0x0301c368       0x44 libmc300.a(hfat.o)
                0x0301c368                hfat_assis_send_cmd
 .text.strtowords
                0x0301c3ac       0xb8 libmc300.a(hfat.o)
                0x0301c3ac                strtowords
 .text.hfat_get_words
                0x0301c464        0xc libmc300.a(hfat.o)
                0x0301c464                hfat_get_words
 .text.hfuart_get_adjust
                0x0301c470        0x8 libmc300.a(hfat.o)
                0x0301c470                hfuart_get_adjust
 .text.hf_wtest_testpin
                0x0301c478        0x8 libmc300.a(hfat.o)
                0x0301c478                hf_wtest_testpin
 .text.hf_wtest_get_rssi
                0x0301c480        0x4 libmc300.a(hfat.o)
                0x0301c480                hf_wtest_get_rssi
 .text          0x0301c484        0x0 libmc300.a(at_wifi_cmd.o)
 .text.hf_at_cmd_write_default_rf
                0x0301c484       0x38 libmc300.a(at_wifi_cmd.o)
 .text.hf_atcmd_walk
                0x0301c4bc       0xf8 libmc300.a(at_wifi_cmd.o)
 .text.hf_atcmd_wap
                0x0301c5b4      0x29c libmc300.a(at_wifi_cmd.o)
 .text.hf_atcmd_smtlk
                0x0301c850       0x88 libmc300.a(at_wifi_cmd.o)
 .text.hf_atcmd_wslq
                0x0301c8d8       0x5c libmc300.a(at_wifi_cmd.o)
 .text.process_thread_assis_scan_process
                0x0301c934      0x2a0 libmc300.a(at_wifi_cmd.o)
 .text.hf_atcmd_wslk
                0x0301cbd4       0x9c libmc300.a(at_wifi_cmd.o)
 .text.hf_atcmd_wmode
                0x0301cc70      0x108 libmc300.a(at_wifi_cmd.o)
 .text.hf_atcmd_walkind
                0x0301cd78       0x9c libmc300.a(at_wifi_cmd.o)
 .text.hf_atcmd_wpsbtnen
                0x0301ce14       0x9c libmc300.a(at_wifi_cmd.o)
 .text.hf_atcmd_maxsta
                0x0301ceb0       0x64 libmc300.a(at_wifi_cmd.o)
 .text.hf_atcmd_wscan
                0x0301cf14       0xac libmc300.a(at_wifi_cmd.o)
 .text.hf_atcmd_wifi
                0x0301cfc0       0x6c libmc300.a(at_wifi_cmd.o)
 .text.hf_atcmd_wsssid
                0x0301d02c       0x78 libmc300.a(at_wifi_cmd.o)
 .text.hf_atcmd_wskey
                0x0301d0a4      0x5f0 libmc300.a(at_wifi_cmd.o)
 .text.hf_atcmd_disps
                0x0301d694      0x120 libmc300.a(at_wifi_cmd.o)
 .text.get_wakey_auth
                0x0301d7b4       0x40 libmc300.a(at_wifi_cmd.o)
                0x0301d7b4                get_wakey_auth
 .text.get_wakey_encry
                0x0301d7f4       0x40 libmc300.a(at_wifi_cmd.o)
                0x0301d7f4                get_wakey_encry
 .text.hf_atcmd_wakey
                0x0301d834      0x22c libmc300.a(at_wifi_cmd.o)
 .text          0x0301da60        0x0 libmc300.a(at_network_cmd.)
 .text.hf_atcmd_ntpf
                0x0301da60        0x8 libmc300.a(at_network_cmd.)
 .text.hf_atcmd_ntptm
                0x0301da68        0x8 libmc300.a(at_network_cmd.)
 .text.hf_atcmd_udplcpt
                0x0301da70        0x8 libmc300.a(at_network_cmd.)
 .text.hf_atcmd_webu
                0x0301da78      0x100 libmc300.a(at_network_cmd.)
 .text.hf_atcmd_plang
                0x0301db78       0xa0 libmc300.a(at_network_cmd.)
 .text.hf_atcmd_ntpen
                0x0301dc18       0xa4 libmc300.a(at_network_cmd.)
 .text.hf_atcmd_aswd
                0x0301dcbc       0x7c libmc300.a(at_network_cmd.)
 .text.hf_atcmd_lann
                0x0301dd38       0x68 libmc300.a(at_network_cmd.)
 .text.hf_atcmd_wann
                0x0301dda0      0x1a0 libmc300.a(at_network_cmd.)
 .text.hf_atcmd_wadhcpd
                0x0301df40      0x128 libmc300.a(at_network_cmd.)
 .text.hf_atcmd_ntpser
                0x0301e068       0xf8 libmc300.a(at_network_cmd.)
 .text.hf_atcmd_wsmac
                0x0301e160      0x130 libmc300.a(at_network_cmd.)
 .text          0x0301e290        0x0 libmc300.a(hfgpio.o)
 .text.check_fid_valid
                0x0301e290       0x34 libmc300.a(hfgpio.o)
 .text.hfgpio_gpio_test_is_running
                0x0301e2c4       0x10 libmc300.a(hfgpio.o)
                0x0301e2c4                hfgpio_gpio_test_is_running
 .text.hfgpio_gpio_test_enable
                0x0301e2d4       0x1c libmc300.a(hfgpio.o)
                0x0301e2d4                hfgpio_gpio_test_enable
 .text.hfgpio_get_pid
                0x0301e2f0       0x1c libmc300.a(hfgpio.o)
                0x0301e2f0                hfgpio_get_pid
 .text.hfgpio_fmap_check
                0x0301e30c       0xb4 libmc300.a(hfgpio.o)
                0x0301e30c                hfgpio_fmap_check
 .text.hfgpio_fenable_interrupt
                0x0301e3c0       0xac libmc300.a(hfgpio.o)
                0x0301e3c0                hfgpio_fenable_interrupt
 .text.hfgpio_disabel_all_interrupt
                0x0301e46c        0x8 libmc300.a(hfgpio.o)
                0x0301e46c                hfgpio_disabel_all_interrupt
 .text.hfgpio_fdisable_interrupt
                0x0301e474       0x68 libmc300.a(hfgpio.o)
                0x0301e474                hfgpio_fdisable_interrupt
 .text.hfgpio_configure_get
                0x0301e4dc       0x44 libmc300.a(hfgpio.o)
                0x0301e4dc                hfgpio_configure_get
 .text.hfgpio_fconfigure_get
                0x0301e520       0x1c libmc300.a(hfgpio.o)
                0x0301e520                hfgpio_fconfigure_get
 .text.hfgpio_configure_pin
                0x0301e53c       0xc8 libmc300.a(hfgpio.o)
                0x0301e53c                hfgpio_configure_pin
 .text.hfgpio_configure_fpin
                0x0301e604       0x24 libmc300.a(hfgpio.o)
                0x0301e604                hfgpio_configure_fpin
 .text.hfgpio_configure_fpin_interrupt
                0x0301e628      0x13c libmc300.a(hfgpio.o)
                0x0301e628                hfgpio_configure_fpin_interrupt
 .text.hfgpio_fpin_add_feature
                0x0301e764       0x28 libmc300.a(hfgpio.o)
                0x0301e764                hfgpio_fpin_add_feature
 .text.hfgpio_fpin_clear_feature
                0x0301e78c       0x28 libmc300.a(hfgpio.o)
                0x0301e78c                hfgpio_fpin_clear_feature
 .text.hfgpio_pin_is_high
                0x0301e7b4       0x38 libmc300.a(hfgpio.o)
                0x0301e7b4                hfgpio_pin_is_high
 .text.hfgpio_fpin_is_high
                0x0301e7ec       0x1c libmc300.a(hfgpio.o)
                0x0301e7ec                hfgpio_fpin_is_high
 .text.process_thread_syste_button_process
                0x0301e808      0x118 libmc300.a(hfgpio.o)
 .text.set_nLink_pin
                0x0301e920       0x14 libmc300.a(hfgpio.o)
                0x0301e920                set_nLink_pin
 .text.hfgpio_init_gpio_pin
                0x0301e934       0xe8 libmc300.a(hfgpio.o)
                0x0301e934                hfgpio_init_gpio_pin
 .text.pwm_enable
                0x0301ea1c        0x4 libmc300.a(hfgpio.o)
                0x0301ea1c                pwm_enable
 .text.pwm_disable
                0x0301ea20        0x4 libmc300.a(hfgpio.o)
                0x0301ea20                pwm_disable
 .text.hfgpio_pwm_disable
                0x0301ea24        0x8 libmc300.a(hfgpio.o)
                0x0301ea24                hfgpio_pwm_disable
 .text.hfgpio_pwm_enable
                0x0301ea2c        0x8 libmc300.a(hfgpio.o)
                0x0301ea2c                hfgpio_pwm_enable
 .text          0x0301ea34        0x0 libmc300.a(hfdebug.o)
 .text.hfdbg_set_level
                0x0301ea34       0x14 libmc300.a(hfdebug.o)
                0x0301ea34                hfdbg_set_level
 .text.hfdbg_check
                0x0301ea48       0x1c libmc300.a(hfdebug.o)
                0x0301ea48                hfdbg_check
 .text          0x0301ea64        0x0 libmc300.a(hfuart.o)
 .text.hfuart_open
                0x0301ea64       0x20 libmc300.a(hfuart.o)
                0x0301ea64                hfuart_open
 .text.hfuart_close
                0x0301ea84        0x8 libmc300.a(hfuart.o)
                0x0301ea84                hfuart_close
 .text.hfuart_recv
                0x0301ea8c        0x8 libmc300.a(hfuart.o)
                0x0301ea8c                hfuart_recv
 .text.hfuart_is_gpio_mode
                0x0301ea94       0x40 libmc300.a(hfuart.o)
                0x0301ea94                hfuart_is_gpio_mode
 .text.hfuart_config
                0x0301ead4        0x8 libmc300.a(hfuart.o)
                0x0301ead4                hfuart_config
 .text          0x0301eadc        0x0 libmc300.a(hfsys.o)
 .text.hfsys_get_sdk_version
                0x0301eadc        0xc libmc300.a(hfsys.o)
                0x0301eadc                hfsys_get_sdk_version
 .text.hfmem_malloc
                0x0301eae8       0x30 libmc300.a(hfsys.o)
                0x0301eae8                hfmem_malloc
 .text.hfmem_realloc
                0x0301eb18        0x4 libmc300.a(hfsys.o)
                0x0301eb18                hfmem_realloc
 .text.hfmem_free
                0x0301eb1c        0xc libmc300.a(hfsys.o)
                0x0301eb1c                hfmem_free
 .text.hfsys_switch_run_mode
                0x0301eb28       0x1c libmc300.a(hfsys.o)
                0x0301eb28                hfsys_switch_run_mode
 .text.hfsys_get_run_mode
                0x0301eb44       0x10 libmc300.a(hfsys.o)
                0x0301eb44                hfsys_get_run_mode
 .text.hfsys_get_memory
                0x0301eb54       0x34 libmc300.a(hfsys.o)
                0x0301eb54                hfsys_get_memory
 .text.hf_trapfault_handler_dumpstack
                0x0301eb88        0x4 libmc300.a(hfsys.o)
                0x0301eb88                hf_trapfault_handler_dumpstack
 .text.hfsys_send_event
                0x0301eb8c       0x2c libmc300.a(hfsys.o)
                0x0301eb8c                hfsys_send_event
 .text.hfsys_reload
                0x0301ebb8       0x18 libmc300.a(hfsys.o)
                0x0301ebb8                hfsys_reload
 .text.hfsys_register_system_event
                0x0301ebd0       0x14 libmc300.a(hfsys.o)
                0x0301ebd0                hfsys_register_system_event
 .text.hfsys_unregister_system_event
                0x0301ebe4       0x14 libmc300.a(hfsys.o)
                0x0301ebe4                hfsys_unregister_system_event
 .text.hfnvm_write_int
                0x0301ebf8       0x3c libmc300.a(hfsys.o)
                0x0301ebf8                hfnvm_write_int
 .text.hfsys_reset
                0x0301ec34       0x68 libmc300.a(hfsys.o)